Archive member included to satisfy reference by file (symbol)

c:/dev/release_git_jenkins/tools/gcc-arm-none-eabi/bin/../lib/gcc/arm-none-eabi/10.3.1/../../../../arm-none-eabi/lib/thumb/v7e-m+dp/hard\libc_nano.a(lib_a-errno.o)
                              ./Core/Src/syscalls.o (__errno)
c:/dev/release_git_jenkins/tools/gcc-arm-none-eabi/bin/../lib/gcc/arm-none-eabi/10.3.1/../../../../arm-none-eabi/lib/thumb/v7e-m+dp/hard\libc_nano.a(lib_a-exit.o)
                              c:/dev/release_git_jenkins/tools/gcc-arm-none-eabi/bin/../lib/gcc/arm-none-eabi/10.3.1/../../../../arm-none-eabi/lib/thumb/v7e-m+dp/hard/crt0.o (exit)
c:/dev/release_git_jenkins/tools/gcc-arm-none-eabi/bin/../lib/gcc/arm-none-eabi/10.3.1/../../../../arm-none-eabi/lib/thumb/v7e-m+dp/hard\libc_nano.a(lib_a-impure.o)
                              c:/dev/release_git_jenkins/tools/gcc-arm-none-eabi/bin/../lib/gcc/arm-none-eabi/10.3.1/../../../../arm-none-eabi/lib/thumb/v7e-m+dp/hard\libc_nano.a(lib_a-exit.o) (_global_impure_ptr)
c:/dev/release_git_jenkins/tools/gcc-arm-none-eabi/bin/../lib/gcc/arm-none-eabi/10.3.1/../../../../arm-none-eabi/lib/thumb/v7e-m+dp/hard\libc_nano.a(lib_a-init.o)
                              c:/dev/release_git_jenkins/tools/gcc-arm-none-eabi/bin/../lib/gcc/arm-none-eabi/10.3.1/../../../../arm-none-eabi/lib/thumb/v7e-m+dp/hard/crt0.o (__libc_init_array)
c:/dev/release_git_jenkins/tools/gcc-arm-none-eabi/bin/../lib/gcc/arm-none-eabi/10.3.1/../../../../arm-none-eabi/lib/thumb/v7e-m+dp/hard\libc_nano.a(lib_a-memset.o)
                              c:/dev/release_git_jenkins/tools/gcc-arm-none-eabi/bin/../lib/gcc/arm-none-eabi/10.3.1/../../../../arm-none-eabi/lib/thumb/v7e-m+dp/hard/crt0.o (memset)

Discarded input sections

 .text          0x00000000        0x0 c:/dev/release_git_jenkins/tools/gcc-arm-none-eabi/bin/../lib/gcc/arm-none-eabi/10.3.1/thumb/v7e-m+dp/hard/crti.o
 .data          0x00000000        0x0 c:/dev/release_git_jenkins/tools/gcc-arm-none-eabi/bin/../lib/gcc/arm-none-eabi/10.3.1/thumb/v7e-m+dp/hard/crti.o
 .bss           0x00000000        0x0 c:/dev/release_git_jenkins/tools/gcc-arm-none-eabi/bin/../lib/gcc/arm-none-eabi/10.3.1/thumb/v7e-m+dp/hard/crti.o
 .data          0x00000000        0x4 c:/dev/release_git_jenkins/tools/gcc-arm-none-eabi/bin/../lib/gcc/arm-none-eabi/10.3.1/thumb/v7e-m+dp/hard/crtbegin.o
 .rodata        0x00000000       0x24 c:/dev/release_git_jenkins/tools/gcc-arm-none-eabi/bin/../lib/gcc/arm-none-eabi/10.3.1/thumb/v7e-m+dp/hard/crtbegin.o
 .text          0x00000000       0x7c c:/dev/release_git_jenkins/tools/gcc-arm-none-eabi/bin/../lib/gcc/arm-none-eabi/10.3.1/../../../../arm-none-eabi/lib/thumb/v7e-m+dp/hard/crt0.o
 .data          0x00000000        0x0 c:/dev/release_git_jenkins/tools/gcc-arm-none-eabi/bin/../lib/gcc/arm-none-eabi/10.3.1/../../../../arm-none-eabi/lib/thumb/v7e-m+dp/hard/crt0.o
 .bss           0x00000000        0x0 c:/dev/release_git_jenkins/tools/gcc-arm-none-eabi/bin/../lib/gcc/arm-none-eabi/10.3.1/../../../../arm-none-eabi/lib/thumb/v7e-m+dp/hard/crt0.o
 .ARM.extab     0x00000000        0x0 c:/dev/release_git_jenkins/tools/gcc-arm-none-eabi/bin/../lib/gcc/arm-none-eabi/10.3.1/../../../../arm-none-eabi/lib/thumb/v7e-m+dp/hard/crt0.o
 .ARM.exidx     0x00000000       0x10 c:/dev/release_git_jenkins/tools/gcc-arm-none-eabi/bin/../lib/gcc/arm-none-eabi/10.3.1/../../../../arm-none-eabi/lib/thumb/v7e-m+dp/hard/crt0.o
 .ARM.attributes
                0x00000000       0x1c c:/dev/release_git_jenkins/tools/gcc-arm-none-eabi/bin/../lib/gcc/arm-none-eabi/10.3.1/../../../../arm-none-eabi/lib/thumb/v7e-m+dp/hard/crt0.o
 .group         0x00000000        0xc ./Core/Src/main.o
 .group         0x00000000        0xc ./Core/Src/main.o
 .group         0x00000000        0xc ./Core/Src/main.o
 .group         0x00000000        0xc ./Core/Src/main.o
 .group         0x00000000        0xc ./Core/Src/main.o
 .group         0x00000000        0xc ./Core/Src/main.o
 .group         0x00000000        0xc ./Core/Src/main.o
 .group         0x00000000        0xc ./Core/Src/main.o
 .group         0x00000000        0xc ./Core/Src/main.o
 .group         0x00000000        0xc ./Core/Src/main.o
 .group         0x00000000        0xc ./Core/Src/main.o
 .group         0x00000000        0xc ./Core/Src/main.o
 .group         0x00000000        0xc ./Core/Src/main.o
 .group         0x00000000        0xc ./Core/Src/main.o
 .group         0x00000000        0xc ./Core/Src/main.o
 .group         0x00000000        0xc ./Core/Src/main.o
 .group         0x00000000        0xc ./Core/Src/main.o
 .group         0x00000000        0xc ./Core/Src/main.o
 .group         0x00000000        0xc ./Core/Src/main.o
 .group         0x00000000        0xc ./Core/Src/main.o
 .group         0x00000000        0xc ./Core/Src/main.o
 .group         0x00000000        0xc ./Core/Src/main.o
 .group         0x00000000        0xc ./Core/Src/main.o
 .group         0x00000000        0xc ./Core/Src/main.o
[...]
Memory Configuration

Name             Origin             Length             Attributes
FLASH            0x08000000         0x00200000         xr
DTCMRAM          0x20000000         0x00020000         xrw
RAM_D1           0x24000000         0x00080000         xrw
RAM_D2           0x30000000         0x00048000         xrw
RAM_D3           0x38000000         0x00010000         xrw
ITCMRAM          0x00000000         0x00010000         xrw
*default*        0x00000000         0xffffffff

Linker script and memory map

LOAD c:/dev/release_git_jenkins/tools/gcc-arm-none-eabi/bin/../lib/gcc/arm-none-eabi/10.3.1/thumb/v7e-m+dp/hard/crti.o
LOAD c:/dev/release_git_jenkins/tools/gcc-arm-none-eabi/bin/../lib/gcc/arm-none-eabi/10.3.1/thumb/v7e-m+dp/hard/crtbegin.o
LOAD c:/dev/release_git_jenkins/tools/gcc-arm-none-eabi/bin/../lib/gcc/arm-none-eabi/10.3.1/../../../../arm-none-eabi/lib/thumb/v7e-m+dp/hard/crt0.o
LOAD ./Core/Src/main.o
LOAD ./Core/Src/stm32h7xx_hal_msp.o
LOAD ./Core/Src/stm32h7xx_it.o
LOAD ./Core/Src/syscalls.o
LOAD ./Core/Src/sysmem.o
LOAD ./Core/Src/system_stm32h7xx.o
LOAD ./Core/Startup/startup_stm32h743zitx.o
LOAD ./Drivers/STM32H7xx_HAL_Driver/Src/stm32h7xx_hal.o
LOAD ./Drivers/STM32H7xx_HAL_Driver/Src/stm32h7xx_hal_cortex.o
LOAD ./Drivers/STM32H7xx_HAL_Driver/Src/stm32h7xx_hal_dma.o
LOAD ./Drivers/STM32H7xx_HAL_Driver/Src/stm32h7xx_hal_dma_ex.o
LOAD ./Drivers/STM32H7xx_HAL_Driver/Src/stm32h7xx_hal_exti.o
LOAD ./Drivers/STM32H7xx_HAL_Driver/Src/stm32h7xx_hal_flash.o
LOAD ./Drivers/STM32H7xx_HAL_Driver/Src/stm32h7xx_hal_flash_ex.o
LOAD ./Drivers/STM32H7xx_HAL_Driver/Src/stm32h7xx_hal_gpio.o
LOAD ./Drivers/STM32H7xx_HAL_Driver/Src/stm32h7xx_hal_hsem.o
LOAD ./Drivers/STM32H7xx_HAL_Driver/Src/stm32h7xx_hal_i2c.o
LOAD ./Drivers/STM32H7xx_HAL_Driver/Src/stm32h7xx_hal_i2c_ex.o
LOAD ./Drivers/STM32H7xx_HAL_Driver/Src/stm32h7xx_hal_mdma.o
LOAD ./Drivers/STM32H7xx_HAL_Driver/Src/stm32h7xx_hal_pwr.o
LOAD ./Drivers/STM32H7xx_HAL_Driver/Src/stm32h7xx_hal_pwr_ex.o
LOAD ./Drivers/STM32H7xx_HAL_Driver/Src/stm32h7xx_hal_rcc.o
LOAD ./Drivers/STM32H7xx_HAL_Driver/Src/stm32h7xx_hal_rcc_ex.o
LOAD ./Drivers/STM32H7xx_HAL_Driver/Src/stm32h7xx_hal_tim.o
LOAD ./Drivers/STM32H7xx_HAL_Driver/Src/stm32h7xx_hal_tim_ex.o
START GROUP
LOAD c:/dev/release_git_jenkins/tools/gcc-arm-none-eabi/bin/../lib/gcc/arm-none-eabi/10.3.1/../../../../arm-none-eabi/lib/thumb/v7e-m+dp/hard\libc_nano.a
LOAD c:/dev/release_git_jenkins/tools/gcc-arm-none-eabi/bin/../lib/gcc/arm-none-eabi/10.3.1/../../../../arm-none-eabi/lib/thumb/v7e-m+dp/hard\libm.a
END GROUP
START GROUP
LOAD c:/dev/release_git_jenkins/tools/gcc-arm-none-eabi/bin/../lib/gcc/arm-none-eabi/10.3.1/thumb/v7e-m+dp/hard\libgcc.a
LOAD c:/dev/release_git_jenkins/tools/gcc-arm-none-eabi/bin/../lib/gcc/arm-none-eabi/10.3.1/../../../../arm-none-eabi/lib/thumb/v7e-m+dp/hard\libc_nano.a
END GROUP
START GROUP
LOAD c:/dev/release_git_jenkins/tools/gcc-arm-none-eabi/bin/../lib/gcc/arm-none-eabi/10.3.1/thumb/v7e-m+dp/hard\libgcc.a
LOAD c:/dev/release_git_jenkins/tools/gcc-arm-none-eabi/bin/../lib/gcc/arm-none-eabi/10.3.1/../../../../arm-none-eabi/lib/thumb/v7e-m+dp/hard\libc_nano.a
LOAD c:/dev/release_git_jenkins/tools/gcc-arm-none-eabi/bin/../lib/gcc/arm-none-eabi/10.3.1/../../../../arm-none-eabi/lib/thumb/v7e-m+dp/hard\libnosys.a
END GROUP
START GROUP
LOAD c:/dev/release_git_jenkins/tools/gcc-arm-none-eabi/bin/../lib/gcc/arm-none-eabi/10.3.1/thumb/v7e-m+dp/hard\libgcc.a
LOAD c:/dev/release_git_jenkins/tools/gcc-arm-none-eabi/bin/../lib/gcc/arm-none-eabi/10.3.1/../../../../arm-none-eabi/lib/thumb/v7e-m+dp/hard\libc_nano.a
LOAD c:/dev/release_git_jenkins/tools/gcc-arm-none-eabi/bin/../lib/gcc/arm-none-eabi/10.3.1/../../../../arm-none-eabi/lib/thumb/v7e-m+dp/hard\libnosys.a
END GROUP
LOAD c:/dev/release_git_jenkins/tools/gcc-arm-none-eabi/bin/../lib/gcc/arm-none-eabi/10.3.1/thumb/v7e-m+dp/hard/crtend.o
LOAD c:/dev/release_git_jenkins/tools/gcc-arm-none-eabi/bin/../lib/gcc/arm-none-eabi/10.3.1/thumb/v7e-m+dp/hard/crtn.o
                0x24080000                _estack = (ORIGIN (RAM_D1) + LENGTH (RAM_D1))
                0x00000200                _Min_Heap_Size = 0x200
                0x00000400                _Min_Stack_Size = 0x400

.isr_vector     0x08000000      0x298
                0x08000000                . = ALIGN (0x4)
 *(.isr_vector)
 .isr_vector    0x08000000      0x298 ./Core/Startup/startup_stm32h743zitx.o
                0x08000000                g_pfnVectors
                0x08000298                . = ALIGN (0x4)

.text           0x08000298     0x1ab4
                0x08000298                . = ALIGN (0x4)
 *(.text)
 .text          0x08000298       0x40 c:/dev/release_git_jenkins/tools/gcc-arm-none-eabi/bin/../lib/gcc/arm-none-eabi/10.3.1/thumb/v7e-m+dp/hard/crtbegin.o
 *(.text*)
 .text._initTestTab
                0x080002d8       0x3c ./Core/Src/main.o
 .text.main     0x08000314       0xa0 ./Core/Src/main.o
                0x08000314                main
 .text.Error_Handler
                0x080003b4        0x6 ./Core/Src/main.o
 *fill*         0x080003ba        0x2 
 .text.SystemClock_Config
                0x080003bc      0x130 ./Core/Src/main.o
 .text.EXTI15_10_IRQHandler_Config
                0x080004ec       0x60 ./Core/Src/main.o
 .text.HAL_GPIO_EXTI_Callback
                0x0800054c       0x28 ./Core/Src/main.o
                0x0800054c                HAL_GPIO_EXTI_Callback
 .text.HAL_MspInit
                0x08000574       0x34 ./Core/Src/stm32h7xx_hal_msp.o
                0x08000574                HAL_MspInit
 .text.NMI_Handler
                0x080005a8        0xe ./Core/Src/stm32h7xx_it.o
                0x080005a8                NMI_Handler
 .text.HardFault_Handler
                0x080005b6        0x6 ./Core/Src/stm32h7xx_it.o
                0x080005b6                HardFault_Handler
 .text.MemManage_Handler
                0x080005bc        0x6 ./Core/Src/stm32h7xx_it.o
                0x080005bc                MemManage_Handler
 .text.BusFault_Handler
                0x080005c2        0x6 ./Core/Src/stm32h7xx_it.o
                0x080005c2                BusFault_Handler
 .text.UsageFault_Handler
                0x080005c8        0x6 ./Core/Src/stm32h7xx_it.o
                0x080005c8                UsageFault_Handler
 .text.SVC_Handler
                0x080005ce        0xe ./Core/Src/stm32h7xx_it.o
                0x080005ce                SVC_Handler
 .text.DebugMon_Handler
                0x080005dc        0xe ./Core/Src/stm32h7xx_it.o
                0x080005dc                DebugMon_Handler
 .text.PendSV_Handler
                0x080005ea        0xe ./Core/Src/stm32h7xx_it.o
                0x080005ea                PendSV_Handler
 .text.SysTick_Handler
                0x080005f8        0xc ./Core/Src/stm32h7xx_it.o
                0x080005f8                SysTick_Handler
 .text.EXTI15_10_IRQHandler
                0x08000604       0x10 ./Core/Src/stm32h7xx_it.o
                0x08000604                EXTI15_10_IRQHandler
 .text.SystemInit
                0x08000614       0xc4 ./Core/Src/system_stm32h7xx.o
                0x08000614                SystemInit
 .text.Reset_Handler
                0x080006d8       0x50 ./Core/Startup/startup_stm32h743zitx.o
                0x080006d8                Reset_Handler
 .text.Default_Handler
                0x08000728        0x2 ./Core/Startup/startup_stm32h743zitx.o
                0x08000728                RTC_Alarm_IRQHandler
                0x08000728                EXTI2_IRQHandler
                0x08000728                TIM8_CC_IRQHandler
                0x08000728                HRTIM1_Master_IRQHandler
                0x08000728                UART8_IRQHandler
                0x08000728                SPI4_IRQHandler
                0x08000728                TIM1_CC_IRQHandler
                0x08000728                BDMA_Channel6_IRQHandler
                0x08000728                DMA2_Stream5_IRQHandler
                0x08000728                HRTIM1_FLT_IRQHandler
                0x08000728                JPEG_IRQHandler
                0x08000728                DMA1_Stream5_IRQHandler
                0x08000728                BDMA_Channel1_IRQHandler
                0x08000728                HRTIM1_TIMD_IRQHandler
                0x08000728                TAMP_STAMP_IRQHandler
                0x08000728                EXTI3_IRQHandler
                0x08000728                LPTIM4_IRQHandler
                0x08000728                TIM8_TRG_COM_TIM14_IRQHandler
                0x08000728                LPTIM2_IRQHandler
                0x08000728                DFSDM1_FLT1_IRQHandler
                0x08000728                DMAMUX2_OVR_IRQHandler
                0x08000728                TIM8_UP_TIM13_IRQHandler
                0x08000728                I2C3_ER_IRQHandler
                0x08000728                DFSDM1_FLT2_IRQHandler
                0x08000728                MDMA_IRQHandler
                0x08000728                LPTIM3_IRQHandler
                0x08000728                HSEM1_IRQHandler
                0x08000728                EXTI0_IRQHandler
                0x08000728                I2C2_EV_IRQHandler
                0x08000728                DMA1_Stream2_IRQHandler
                0x08000728                FPU_IRQHandler
                0x08000728                OTG_HS_WKUP_IRQHandler
                0x08000728                FDCAN1_IT1_IRQHandler
                0x08000728                LTDC_ER_IRQHandler
                0x08000728                DMA2_Stream2_IRQHandler
                0x08000728                HRTIM1_TIME_IRQHandler
                0x08000728                SPI1_IRQHandler
                0x08000728                TIM6_DAC_IRQHandler
                0x08000728                DCMI_IRQHandler
                0x08000728                HRTIM1_TIMC_IRQHandler
                0x08000728                DMA2_Stream3_IRQHandler
                0x08000728                SAI2_IRQHandler
                0x08000728                DFSDM1_FLT3_IRQHandler
                0x08000728                USART6_IRQHandler
                0x08000728                TIM17_IRQHandler
                0x08000728                USART3_IRQHandler
                0x08000728                BDMA_Channel7_IRQHandler
                0x08000728                LPTIM5_IRQHandler
                0x08000728                UART5_IRQHandler
                0x08000728                ADC3_IRQHandler
                0x08000728                DMA2_Stream0_IRQHandler
                0x08000728                TIM4_IRQHandler
                0x08000728                BDMA_Channel2_IRQHandler
                0x08000728                QUADSPI_IRQHandler
                0x08000728                I2C1_EV_IRQHandler
                0x08000728                DMA1_Stream6_IRQHandler
                0x08000728                DMAMUX1_OVR_IRQHandler
                0x08000728                DMA1_Stream1_IRQHandler
                0x08000728                TIM16_IRQHandler
                0x08000728                UART4_IRQHandler
                0x08000728                BDMA_Channel5_IRQHandler
                0x08000728                TIM3_IRQHandler
                0x08000728                RCC_IRQHandler
                0x08000728                TIM8_BRK_TIM12_IRQHandler
                0x08000728                TIM1_TRG_COM_IRQHandler
                0x08000728                Default_Handler
                0x08000728                ECC_IRQHandler
                0x08000728                CEC_IRQHandler
                0x08000728                BDMA_Channel0_IRQHandler
                0x08000728                ADC_IRQHandler
                0x08000728                DMA1_Stream7_IRQHandler
                0x08000728                HRTIM1_TIMA_IRQHandler
                0x08000728                SPI5_IRQHandler
                0x08000728                TIM7_IRQHandler
                0x08000728                SDMMC1_IRQHandler
                0x08000728                TIM5_IRQHandler
                0x08000728                DMA2_Stream7_IRQHandler
                0x08000728                TIM15_IRQHandler
                0x08000728                PVD_AVD_IRQHandler
                0x08000728                I2C3_EV_IRQHandler
                0x08000728                EXTI9_5_IRQHandler
                0x08000728                RTC_WKUP_IRQHandler
                0x08000728                LTDC_IRQHandler
                0x08000728                SAI3_IRQHandler
                0x08000728                ETH_WKUP_IRQHandler
                0x08000728                SPDIF_RX_IRQHandler
                0x08000728                SPI2_IRQHandler
                0x08000728                OTG_HS_EP1_IN_IRQHandler
                0x08000728                DMA1_Stream0_IRQHandler
                0x08000728                CRS_IRQHandler
                0x08000728                EXTI4_IRQHandler
                0x08000728                RNG_IRQHandler
                0x08000728                HRTIM1_TIMB_IRQHandler
                0x08000728                FDCAN2_IT1_IRQHandler
                0x08000728                ETH_IRQHandler
                0x08000728                TIM1_UP_IRQHandler
                0x08000728                BDMA_Channel4_IRQHandler
                0x08000728                OTG_HS_EP1_OUT_IRQHandler
                0x08000728                WWDG_IRQHandler
                0x08000728                SPI6_IRQHandler
                0x08000728                MDIOS_IRQHandler
                0x08000728                I2C4_EV_IRQHandler
                0x08000728                FDCAN2_IT0_IRQHandler
                0x08000728                LPUART1_IRQHandler
                0x08000728                FDCAN1_IT0_IRQHandler
                0x08000728                TIM2_IRQHandler
                0x08000728                OTG_FS_WKUP_IRQHandler
                0x08000728                OTG_HS_IRQHandler
                0x08000728                DMA2D_IRQHandler
                0x08000728                TIM1_BRK_IRQHandler
                0x08000728                EXTI1_IRQHandler
                0x08000728                SDMMC2_IRQHandler
                0x08000728                OTG_FS_EP1_OUT_IRQHandler
                0x08000728                BDMA_Channel3_IRQHandler
                0x08000728                UART7_IRQHandler
                0x08000728                MDIOS_WKUP_IRQHandler
                0x08000728                USART2_IRQHandler
                0x08000728                DFSDM1_FLT0_IRQHandler
                0x08000728                SAI4_IRQHandler
                0x08000728                I2C2_ER_IRQHandler
                0x08000728                DMA2_Stream1_IRQHandler
                0x08000728                FLASH_IRQHandler
                0x08000728                DMA2_Stream4_IRQHandler
                0x08000728                USART1_IRQHandler
                0x08000728                OTG_FS_IRQHandler
                0x08000728                SPI3_IRQHandler
                0x08000728                WAKEUP_PIN_IRQHandler
                0x08000728                DMA1_Stream4_IRQHandler
                0x08000728                OTG_FS_EP1_IN_IRQHandler
                0x08000728                I2C1_ER_IRQHandler
                0x08000728                FMC_IRQHandler
                0x08000728                FDCAN_CAL_IRQHandler
                0x08000728                SWPMI1_IRQHandler
                0x08000728                COMP1_IRQHandler
                0x08000728                LPTIM1_IRQHandler
                0x08000728                I2C4_ER_IRQHandler
                0x08000728                DMA2_Stream6_IRQHandler
                0x08000728                SAI1_IRQHandler
                0x08000728                DMA1_Stream3_IRQHandler
 *fill*         0x0800072a        0x2 
 .text.HAL_Init
                0x0800072c       0x70 ./Drivers/STM32H7xx_HAL_Driver/Src/stm32h7xx_hal.o
                0x0800072c                HAL_Init
 .text.HAL_InitTick
                0x0800079c       0x6c ./Drivers/STM32H7xx_HAL_Driver/Src/stm32h7xx_hal.o
                0x0800079c                HAL_InitTick
 .text.HAL_IncTick
                0x08000808       0x28 ./Drivers/STM32H7xx_HAL_Driver/Src/stm32h7xx_hal.o
                0x08000808                HAL_IncTick
 .text.HAL_GetTick
                0x08000830       0x18 ./Drivers/STM32H7xx_HAL_Driver/Src/stm32h7xx_hal.o
                0x08000830                HAL_GetTick
 .text.HAL_Delay
                0x08000848       0x48 ./Drivers/STM32H7xx_HAL_Driver/Src/stm32h7xx_hal.o
                0x08000848                HAL_Delay
 .text.HAL_GetREVID
                0x08000890       0x18 ./Drivers/STM32H7xx_HAL_Driver/Src/stm32h7xx_hal.o
                0x08000890                HAL_GetREVID
 .text.HAL_EnableCompensationCell
                0x080008a8       0x20 ./Drivers/STM32H7xx_HAL_Driver/Src/stm32h7xx_hal.o
                0x080008a8                HAL_EnableCompensationCell
 .text.__NVIC_SetPriorityGrouping
                0x080008c8       0x48 ./Drivers/STM32H7xx_HAL_Driver/Src/stm32h7xx_hal_cortex.o
 .text.__NVIC_GetPriorityGrouping
                0x08000910       0x1c ./Drivers/STM32H7xx_HAL_Driver/Src/stm32h7xx_hal_cortex.o
 .text.__NVIC_EnableIRQ
                0x0800092c       0x3c ./Drivers/STM32H7xx_HAL_Driver/Src/stm32h7xx_hal_cortex.o
 .text.__NVIC_SetPriority
                0x08000968       0x54 ./Drivers/STM32H7xx_HAL_Driver/Src/stm32h7xx_hal_cortex.o
 .text.NVIC_EncodePriority
                0x080009bc       0x66 ./Drivers/STM32H7xx_HAL_Driver/Src/stm32h7xx_hal_cortex.o
 *fill*         0x08000a22        0x2 
 .text.SysTick_Config
                0x08000a24       0x44 ./Drivers/STM32H7xx_HAL_Driver/Src/stm32h7xx_hal_cortex.o
 .text.HAL_NVIC_SetPriorityGrouping
                0x08000a68       0x16 ./Drivers/STM32H7xx_HAL_Driver/Src/stm32h7xx_hal_cortex.o
                0x08000a68                HAL_NVIC_SetPriorityGrouping
 .text.HAL_NVIC_SetPriority
                0x08000a7e       0x34 ./Drivers/STM32H7xx_HAL_Driver/Src/stm32h7xx_hal_cortex.o
                0x08000a7e                HAL_NVIC_SetPriority
 .text.HAL_NVIC_EnableIRQ
                0x08000ab2       0x1c ./Drivers/STM32H7xx_HAL_Driver/Src/stm32h7xx_hal_cortex.o
                0x08000ab2                HAL_NVIC_EnableIRQ
 .text.HAL_SYSTICK_Config
                0x08000ace       0x18 ./Drivers/STM32H7xx_HAL_Driver/Src/stm32h7xx_hal_cortex.o
                0x08000ace                HAL_SYSTICK_Config
 *fill*         0x08000ae6        0x2 
 .text.HAL_GPIO_Init
                0x08000ae8      0x360 ./Drivers/STM32H7xx_HAL_Driver/Src/stm32h7xx_hal_gpio.o
                0x08000ae8                HAL_GPIO_Init
 .text.HAL_GPIO_EXTI_IRQHandler
                0x08000e48       0x34 ./Drivers/STM32H7xx_HAL_Driver/Src/stm32h7xx_hal_gpio.o
                0x08000e48                HAL_GPIO_EXTI_IRQHandler
 .text.HAL_PWREx_ConfigSupply
                0x08000e7c       0x74 ./Drivers/STM32H7xx_HAL_Driver/Src/stm32h7xx_hal_pwr_ex.o
                0x08000e7c                HAL_PWREx_ConfigSupply
 .text.HAL_RCC_OscConfig
                0x08000ef0      0x7c0 ./Drivers/STM32H7xx_HAL_Driver/Src/stm32h7xx_hal_rcc.o
                0x08000ef0                HAL_RCC_OscConfig
 .text.HAL_RCC_ClockConfig
                0x080016b0      0x348 ./Drivers/STM32H7xx_HAL_Driver/Src/stm32h7xx_hal_rcc.o
                0x080016b0                HAL_RCC_ClockConfig
 .text.HAL_RCC_GetSysClockFreq
                0x080019f8      0x2f4 ./Drivers/STM32H7xx_HAL_Driver/Src/stm32h7xx_hal_rcc.o
                0x080019f8                HAL_RCC_GetSysClockFreq
 .text.__libc_init_array
                0x08001cec       0x48 c:/dev/release_git_jenkins/tools/gcc-arm-none-eabi/bin/../lib/gcc/arm-none-eabi/10.3.1/../../../../arm-none-eabi/lib/thumb/v7e-m+dp/hard\libc_nano.a(lib_a-init.o)
                0x08001cec                __libc_init_array
 *(.glue_7)
 .glue_7        0x08001d34        0x0 linker stubs
 *(.glue_7t)
 .glue_7t       0x08001d34        0x0 linker stubs
 *(.eh_frame)
 .eh_frame      0x08001d34        0x0 c:/dev/release_git_jenkins/tools/gcc-arm-none-eabi/bin/../lib/gcc/arm-none-eabi/10.3.1/thumb/v7e-m+dp/hard/crtbegin.o
 *(.init)
 .init          0x08001d34        0x4 c:/dev/release_git_jenkins/tools/gcc-arm-none-eabi/bin/../lib/gcc/arm-none-eabi/10.3.1/thumb/v7e-m+dp/hard/crti.o
                0x08001d34                _init
 .init          0x08001d38        0x8 c:/dev/release_git_jenkins/tools/gcc-arm-none-eabi/bin/../lib/gcc/arm-none-eabi/10.3.1/thumb/v7e-m+dp/hard/crtn.o
 *(.fini)
 .fini          0x08001d40        0x4 c:/dev/release_git_jenkins/tools/gcc-arm-none-eabi/bin/../lib/gcc/arm-none-eabi/10.3.1/thumb/v7e-m+dp/hard/crti.o
                0x08001d40                _fini
 .fini          0x08001d44        0x8 c:/dev/release_git_jenkins/tools/gcc-arm-none-eabi/bin/../lib/gcc/arm-none-eabi/10.3.1/thumb/v7e-m+dp/hard/crtn.o
                0x08001d4c                . = ALIGN (0x4)
                0x08001d4c                _etext = .

.vfp11_veneer   0x08001d4c        0x0
 .vfp11_veneer  0x08001d4c        0x0 linker stubs

.v4_bx          0x08001d4c        0x0
 .v4_bx         0x08001d4c        0x0 linker stubs

.iplt           0x08001d4c        0x0
 .iplt          0x08001d4c        0x0 c:/dev/release_git_jenkins/tools/gcc-arm-none-eabi/bin/../lib/gcc/arm-none-eabi/10.3.1/thumb/v7e-m+dp/hard/crtbegin.o

.rodata         0x08001d4c       0x10
                0x08001d4c                . = ALIGN (0x4)
 *(.rodata)
 *(.rodata*)
 .rodata.D1CorePrescTable
                0x08001d4c       0x10 ./Core/Src/system_stm32h7xx.o
                0x08001d4c                D1CorePrescTable
                0x08001d5c                . = ALIGN (0x4)

.rel.dyn        0x08001d5c        0x0
 .rel.iplt      0x08001d5c        0x0 c:/dev/release_git_jenkins/tools/gcc-arm-none-eabi/bin/../lib/gcc/arm-none-eabi/10.3.1/thumb/v7e-m+dp/hard/crtbegin.o

.ARM.extab
 *(.ARM.extab* .gnu.linkonce.armextab.*)

.ARM            0x08001d5c        0x0
                0x08001d5c                __exidx_start = .
 *(.ARM.exidx*)
                0x08001d5c                __exidx_end = .

.preinit_array  0x08001d5c        0x0
                0x08001d5c                PROVIDE (__preinit_array_start = .)
 *(.preinit_array*)
                0x08001d5c                PROVIDE (__preinit_array_end = .)

.init_array     0x08001d5c        0x4
                0x08001d5c                PROVIDE (__init_array_start = .)
 *(SORT_BY_NAME(.init_array.*))
 *(.init_array*)
 .init_array    0x08001d5c        0x4 c:/dev/release_git_jenkins/tools/gcc-arm-none-eabi/bin/../lib/gcc/arm-none-eabi/10.3.1/thumb/v7e-m+dp/hard/crtbegin.o
                0x08001d60                PROVIDE (__init_array_end = .)

.fini_array     0x08001d60        0x4
                [!provide]                PROVIDE (__fini_array_start = .)
 *(SORT_BY_NAME(.fini_array.*))
 *(.fini_array*)
 .fini_array    0x08001d60        0x4 c:/dev/release_git_jenkins/tools/gcc-arm-none-eabi/bin/../lib/gcc/arm-none-eabi/10.3.1/thumb/v7e-m+dp/hard/crtbegin.o
                [!provide]                PROVIDE (__fini_array_end = .)
                0x08001d64                _sidata = LOADADDR (.data)

.data           0x24000000       0x10 load address 0x08001d64
                0x24000000                . = ALIGN (0x4)
                0x24000000                _sdata = .
 *(.data)
 *(.data*)
 .data.SystemCoreClock
                0x24000000        0x4 ./Core/Src/system_stm32h7xx.o
                0x24000000                SystemCoreClock
 .data.SystemD2Clock
                0x24000004        0x4 ./Core/Src/system_stm32h7xx.o
                0x24000004                SystemD2Clock
 .data.uwTickPrio
                0x24000008        0x4 ./Drivers/STM32H7xx_HAL_Driver/Src/stm32h7xx_hal.o
                0x24000008                uwTickPrio
 .data.uwTickFreq
                0x2400000c        0x1 ./Drivers/STM32H7xx_HAL_Driver/Src/stm32h7xx_hal.o
                0x2400000c                uwTickFreq
 *(.RamFunc)
 *(.RamFunc*)
                0x24000010                . = ALIGN (0x4)
 *fill*         0x2400000d        0x3 
                0x24000010                _edata = .

.igot.plt       0x24000010        0x0 load address 0x08001d74
 .igot.plt      0x24000010        0x0 c:/dev/release_git_jenkins/tools/gcc-arm-none-eabi/bin/../lib/gcc/arm-none-eabi/10.3.1/thumb/v7e-m+dp/hard/crtbegin.o
                0x24000010                . = ALIGN (0x4)

.bss            0x24000010       0x34 load address 0x08001d74
                0x24000010                _sbss = .
                0x24000010                __bss_start__ = _sbss
 *(.bss)
 .bss           0x24000010       0x1c c:/dev/release_git_jenkins/tools/gcc-arm-none-eabi/bin/../lib/gcc/arm-none-eabi/10.3.1/thumb/v7e-m+dp/hard/crtbegin.o
 *(.bss*)
 .bss._testResTab
                0x2400002c        0xa ./Core/Src/main.o
 *fill*         0x24000036        0x2 
 .bss.ButtonState
                0x24000038        0x4 ./Core/Src/main.o
                0x24000038                ButtonState
 .bss.u8TestRes
                0x2400003c        0x1 ./Core/Src/main.o
                0x2400003c                u8TestRes
 *fill*         0x2400003d        0x3 
 .bss.uwTick    0x24000040        0x4 ./Drivers/STM32H7xx_HAL_Driver/Src/stm32h7xx_hal.o
                0x24000040                uwTick
 *(COMMON)
                0x24000044                . = ALIGN (0x4)
                0x24000044                _ebss = .
                0x24000044                __bss_end__ = _ebss

._user_heap_stack
                0x24000044      0x604 load address 0x08001d74
                0x24000048                . = ALIGN (0x8)
 *fill*         0x24000044        0x4 
                [!provide]                PROVIDE (end = .)
                0x24000048                PROVIDE (_end = .)
                0x24000248                . = (. + _Min_Heap_Size)
 *fill*         0x24000048      0x200 
                0x24000648                . = (. + _Min_Stack_Size)
 *fill*         0x24000248      0x400 
                0x24000648                . = ALIGN (0x8)

/DISCARD/
 libc.a(*)
 libm.a(*)
 libgcc.a(*)

.ARM.attributes
                0x00000000       0x2e
 *(.ARM.attributes)
 .ARM.attributes
                0x00000000       0x1e c:/dev/release_git_jenkins/tools/gcc-arm-none-eabi/bin/../lib/gcc/arm-none-eabi/10.3.1/thumb/v7e-m+dp/hard/crti.o
 .ARM.attributes
                0x0000001e       0x32 c:/dev/release_git_jenkins/tools/gcc-arm-none-eabi/bin/../lib/gcc/arm-none-eabi/10.3.1/thumb/v7e-m+dp/hard/crtbegin.o
 .ARM.attributes
                0x00000050       0x32 ./Core/Src/main.o
 .ARM.attributes
                0x00000082       0x32 ./Core/Src/stm32h7xx_hal_msp.o
 .ARM.attributes
                0x000000b4       0x32 ./Core/Src/stm32h7xx_it.o
 .ARM.attributes
                0x000000e6       0x32 ./Core/Src/system_stm32h7xx.o
 .ARM.attributes
                0x00000118       0x21 ./Core/Startup/startup_stm32h743zitx.o
 .ARM.attributes
                0x00000139       0x32 ./Drivers/STM32H7xx_HAL_Driver/Src/stm32h7xx_hal.o
 .ARM.attributes
                0x0000016b       0x32 ./Drivers/STM32H7xx_HAL_Driver/Src/stm32h7xx_hal_cortex.o
 .ARM.attributes
                0x0000019d       0x32 ./Drivers/STM32H7xx_HAL_Driver/Src/stm32h7xx_hal_gpio.o
 .ARM.attributes
                0x000001cf       0x32 ./Drivers/STM32H7xx_HAL_Driver/Src/stm32h7xx_hal_pwr_ex.o
 .ARM.attributes
                0x00000201       0x32 ./Drivers/STM32H7xx_HAL_Driver/Src/stm32h7xx_hal_rcc.o
 .ARM.attributes
                0x00000233       0x32 c:/dev/release_git_jenkins/tools/gcc-arm-none-eabi/bin/../lib/gcc/arm-none-eabi/10.3.1/../../../../arm-none-eabi/lib/thumb/v7e-m+dp/hard\libc_nano.a(lib_a-init.o)
 .ARM.attributes
                0x00000265       0x1e c:/dev/release_git_jenkins/tools/gcc-arm-none-eabi/bin/../lib/gcc/arm-none-eabi/10.3.1/thumb/v7e-m+dp/hard/crtn.o
OUTPUT(Emb_Jenkins_Proj.elf elf32-littlearm)
LOAD linker stubs
LOAD c:/dev/release_git_jenkins/tools/gcc-arm-none-eabi/bin/../lib/gcc/arm-none-eabi/10.3.1/../../../../arm-none-eabi/lib/thumb/v7e-m+dp/hard\libc.a
LOAD c:/dev/release_git_jenkins/tools/gcc-arm-none-eabi/bin/../lib/gcc/arm-none-eabi/10.3.1/../../../../arm-none-eabi/lib/thumb/v7e-m+dp/hard\libm.a
LOAD c:/dev/release_git_jenkins/tools/gcc-arm-none-eabi/bin/../lib/gcc/arm-none-eabi/10.3.1/thumb/v7e-m+dp/hard\libgcc.a

.debug_info     0x00000000     0x7307
 .debug_info    0x00000000      0xfe7 ./Core/Src/main.o
 .debug_info    0x00000fe7      0x4a4 ./Core/Src/stm32h7xx_hal_msp.o
 .debug_info    0x0000148b      0x158 ./Core/Src/stm32h7xx_it.o
 .debug_info    0x000015e3      0xa0e ./Core/Src/system_stm32h7xx.o
 .debug_info    0x00001ff1       0x22 ./Core/Startup/startup_stm32h743zitx.o
 .debug_info    0x00002013     0x15b1 ./Drivers/STM32H7xx_HAL_Driver/Src/stm32h7xx_hal.o
 .debug_info    0x000035c4     0x116d ./Drivers/STM32H7xx_HAL_Driver/Src/stm32h7xx_hal_cortex.o
 .debug_info    0x00004731      0xd18 ./Drivers/STM32H7xx_HAL_Driver/Src/stm32h7xx_hal_gpio.o
 .debug_info    0x00005449      0xfed ./Drivers/STM32H7xx_HAL_Driver/Src/stm32h7xx_hal_pwr_ex.o
 .debug_info    0x00006436      0xed1 ./Drivers/STM32H7xx_HAL_Driver/Src/stm32h7xx_hal_rcc.o

.debug_abbrev   0x00000000     0x10e8
 .debug_abbrev  0x00000000      0x227 ./Core/Src/main.o
 .debug_abbrev  0x00000227       0xda ./Core/Src/stm32h7xx_hal_msp.o
 .debug_abbrev  0x00000301       0x70 ./Core/Src/stm32h7xx_it.o
 .debug_abbrev  0x00000371      0x136 ./Core/Src/system_stm32h7xx.o
 .debug_abbrev  0x000004a7       0x12 ./Core/Startup/startup_stm32h743zitx.o
 .debug_abbrev  0x000004b9      0x243 ./Drivers/STM32H7xx_HAL_Driver/Src/stm32h7xx_hal.o
 .debug_abbrev  0x000006fc      0x329 ./Drivers/STM32H7xx_HAL_Driver/Src/stm32h7xx_hal_cortex.o
 .debug_abbrev  0x00000a25      0x1ec ./Drivers/STM32H7xx_HAL_Driver/Src/stm32h7xx_hal_gpio.o
 .debug_abbrev  0x00000c11      0x267 ./Drivers/STM32H7xx_HAL_Driver/Src/stm32h7xx_hal_pwr_ex.o
 .debug_abbrev  0x00000e78      0x270 ./Drivers/STM32H7xx_HAL_Driver/Src/stm32h7xx_hal_rcc.o

.debug_aranges  0x00000000      0x630
 .debug_aranges
                0x00000000       0x48 ./Core/Src/main.o
 .debug_aranges
                0x00000048       0x20 ./Core/Src/stm32h7xx_hal_msp.o
 .debug_aranges
                0x00000068       0x68 ./Core/Src/stm32h7xx_it.o
 .debug_aranges
                0x000000d0       0x28 ./Core/Src/system_stm32h7xx.o
 .debug_aranges
                0x000000f8       0x28 ./Core/Startup/startup_stm32h743zitx.o
 .debug_aranges
                0x00000120      0x1b8 ./Drivers/STM32H7xx_HAL_Driver/Src/stm32h7xx_hal.o
 .debug_aranges
                0x000002d8      0x120 ./Drivers/STM32H7xx_HAL_Driver/Src/stm32h7xx_hal_cortex.o
 .debug_aranges
                0x000003f8       0x58 ./Drivers/STM32H7xx_HAL_Driver/Src/stm32h7xx_hal_gpio.o
 .debug_aranges
                0x00000450      0x158 ./Drivers/STM32H7xx_HAL_Driver/Src/stm32h7xx_hal_pwr_ex.o
 .debug_aranges
                0x000005a8       0x88 ./Drivers/STM32H7xx_HAL_Driver/Src/stm32h7xx_hal_rcc.o

.debug_ranges   0x00000000      0x598
 .debug_ranges  0x00000000       0x38 ./Core/Src/main.o
 .debug_ranges  0x00000038       0x10 ./Core/Src/stm32h7xx_hal_msp.o
 .debug_ranges  0x00000048       0x58 ./Core/Src/stm32h7xx_it.o
 .debug_ranges  0x000000a0       0x18 ./Core/Src/system_stm32h7xx.o
 .debug_ranges  0x000000b8       0x20 ./Core/Startup/startup_stm32h743zitx.o
 .debug_ranges  0x000000d8      0x1a8 ./Drivers/STM32H7xx_HAL_Driver/Src/stm32h7xx_hal.o
 .debug_ranges  0x00000280      0x110 ./Drivers/STM32H7xx_HAL_Driver/Src/stm32h7xx_hal_cortex.o
 .debug_ranges  0x00000390       0x48 ./Drivers/STM32H7xx_HAL_Driver/Src/stm32h7xx_hal_gpio.o
 .debug_ranges  0x000003d8      0x148 ./Drivers/STM32H7xx_HAL_Driver/Src/stm32h7xx_hal_pwr_ex.o
 .debug_ranges  0x00000520       0x78 ./Drivers/STM32H7xx_HAL_Driver/Src/stm32h7xx_hal_rcc.o

.debug_macro    0x00000000    0x32762
 .debug_macro   0x00000000      0x249 ./Core/Src/main.o
 .debug_macro   0x00000249      0xa90 ./Core/Src/main.o
 .debug_macro   0x00000cd9       0xbb ./Core/Src/main.o
 .debug_macro   0x00000d94       0x2e ./Core/Src/main.o
 .debug_macro   0x00000dc2       0x3b ./Core/Src/main.o
 .debug_macro   0x00000dfd       0x22 ./Core/Src/main.o
 .debug_macro   0x00000e1f       0x8e ./Core/Src/main.o
 .debug_macro   0x00000ead       0x51 ./Core/Src/main.o
 .debug_macro   0x00000efe      0x103 ./Core/Src/main.o
 .debug_macro   0x00001001       0x6a ./Core/Src/main.o
 .debug_macro   0x0000106b      0x1df ./Core/Src/main.o
 .debug_macro   0x0000124a       0x1c ./Core/Src/main.o
 .debug_macro   0x00001266       0x22 ./Core/Src/main.o
 .debug_macro   0x00001288       0xd9 ./Core/Src/main.o
 .debug_macro   0x00001361     0x12cd ./Core/Src/main.o
 .debug_macro   0x0000262e      0x11f ./Core/Src/main.o
 .debug_macro   0x0000274d       0x19 ./Core/Src/main.o
 .debug_macro   0x00002766    0x25403 ./Core/Src/main.o
 .debug_macro   0x00027b69       0x43 ./Core/Src/main.o
 .debug_macro   0x00027bac     0x3ccc ./Core/Src/main.o
 .debug_macro   0x0002b878      0x174 ./Core/Src/main.o
 .debug_macro   0x0002b9ec       0x52 ./Core/Src/main.o
 .debug_macro   0x0002ba3e       0x1d ./Core/Src/main.o
 .debug_macro   0x0002ba5b       0x3c ./Core/Src/main.o
 .debug_macro   0x0002ba97       0x34 ./Core/Src/main.o
 .debug_macro   0x0002bacb       0x16 ./Core/Src/main.o
 .debug_macro   0x0002bae1       0x43 ./Core/Src/main.o
 .debug_macro   0x0002bb24       0x34 ./Core/Src/main.o
 .debug_macro   0x0002bb58       0x10 ./Core/Src/main.o
 .debug_macro   0x0002bb68       0x58 ./Core/Src/main.o
 .debug_macro   0x0002bbc0       0x71 ./Core/Src/main.o
 .debug_macro   0x0002bc31       0x1c ./Core/Src/main.o
 .debug_macro   0x0002bc4d      0x12a ./Core/Src/main.o
 .debug_macro   0x0002bd77      0x341 ./Core/Src/main.o
 .debug_macro   0x0002c0b8      0x19b ./Core/Src/main.o
 .debug_macro   0x0002c253       0x54 ./Core/Src/main.o
 .debug_macro   0x0002c2a7     0x240e ./Core/Src/main.o
 .debug_macro   0x0002e6b5      0xf84 ./Core/Src/main.o
 .debug_macro   0x0002f639      0x138 ./Core/Src/main.o
 .debug_macro   0x0002f771      0x117 ./Core/Src/main.o
 .debug_macro   0x0002f888      0x39b ./Core/Src/main.o
 .debug_macro   0x0002fc23       0x27 ./Core/Src/main.o
 .debug_macro   0x0002fc4a      0x3e5 ./Core/Src/main.o
 .debug_macro   0x0003002f      0x275 ./Core/Src/main.o
 .debug_macro   0x000302a4      0x3cb ./Core/Src/main.o
 .debug_macro   0x0003066f      0x40f ./Core/Src/main.o
 .debug_macro   0x00030a7e       0x51 ./Core/Src/main.o
 .debug_macro   0x00030acf      0x1c5 ./Core/Src/main.o
 .debug_macro   0x00030c94      0x259 ./Core/Src/main.o
 .debug_macro   0x00030eed       0x35 ./Core/Src/main.o
 .debug_macro   0x00030f22      0x58b ./Core/Src/main.o
 .debug_macro   0x000314ad      0x243 ./Core/Src/stm32h7xx_hal_msp.o
 .debug_macro   0x000316f0      0x253 ./Core/Src/stm32h7xx_it.o
 .debug_macro   0x00031943      0x23f ./Core/Src/system_stm32h7xx.o
 .debug_macro   0x00031b82      0x263 ./Drivers/STM32H7xx_HAL_Driver/Src/stm32h7xx_hal.o
 .debug_macro   0x00031de5      0x239 ./Drivers/STM32H7xx_HAL_Driver/Src/stm32h7xx_hal_cortex.o
 .debug_macro   0x0003201e      0x275 ./Drivers/STM32H7xx_HAL_Driver/Src/stm32h7xx_hal_gpio.o
 .debug_macro   0x00032293      0x272 ./Drivers/STM32H7xx_HAL_Driver/Src/stm32h7xx_hal_pwr_ex.o
 .debug_macro   0x00032505      0x25d ./Drivers/STM32H7xx_HAL_Driver/Src/stm32h7xx_hal_rcc.o

.debug_line     0x00000000     0x5642
 .debug_line    0x00000000      0x6ac ./Core/Src/main.o
 .debug_line    0x000006ac      0x566 ./Core/Src/stm32h7xx_hal_msp.o
 .debug_line    0x00000c12      0x639 ./Core/Src/stm32h7xx_it.o
 .debug_line    0x0000124b      0x6f4 ./Core/Src/system_stm32h7xx.o
 .debug_line    0x0000193f       0x85 ./Core/Startup/startup_stm32h743zitx.o
 .debug_line    0x000019c4      0xb7a ./Drivers/STM32H7xx_HAL_Driver/Src/stm32h7xx_hal.o
 .debug_line    0x0000253e      0xb14 ./Drivers/STM32H7xx_HAL_Driver/Src/stm32h7xx_hal_cortex.o
 .debug_line    0x00003052      0x9e5 ./Drivers/STM32H7xx_HAL_Driver/Src/stm32h7xx_hal_gpio.o
 .debug_line    0x00003a37      0xc05 ./Drivers/STM32H7xx_HAL_Driver/Src/stm32h7xx_hal_pwr_ex.o
 .debug_line    0x0000463c     0x1006 ./Drivers/STM32H7xx_HAL_Driver/Src/stm32h7xx_hal_rcc.o

.debug_str      0x00000000   0x13f477
 .debug_str     0x00000000   0x13d91a ./Core/Src/main.o
                             0x13dcce (size before relaxing)
 .debug_str     0x0013d91a       0x2c ./Core/Src/stm32h7xx_hal_msp.o
                             0x13d0bc (size before relaxing)
 .debug_str     0x0013d946       0xee ./Core/Src/stm32h7xx_it.o
                             0x13cf54 (size before relaxing)
 .debug_str     0x0013da34      0x216 ./Core/Src/system_stm32h7xx.o
                             0x13d2b7 (size before relaxing)
 .debug_str     0x0013dc4a       0x36 ./Core/Startup/startup_stm32h743zitx.o
                                 0x57 (size before relaxing)
 .debug_str     0x0013dc80      0x859 ./Drivers/STM32H7xx_HAL_Driver/Src/stm32h7xx_hal.o
                             0x13e306 (size before relaxing)
 .debug_str     0x0013e4d9      0x3c3 ./Drivers/STM32H7xx_HAL_Driver/Src/stm32h7xx_hal_cortex.o
                             0x13dd07 (size before relaxing)
 .debug_str     0x0013e89c      0x200 ./Drivers/STM32H7xx_HAL_Driver/Src/stm32h7xx_hal_gpio.o
                             0x13d47b (size before relaxing)
 .debug_str     0x0013ea9c      0x63f ./Drivers/STM32H7xx_HAL_Driver/Src/stm32h7xx_hal_pwr_ex.o
                             0x13d841 (size before relaxing)
 .debug_str     0x0013f0db      0x39c ./Drivers/STM32H7xx_HAL_Driver/Src/stm32h7xx_hal_rcc.o
                             0x13d742 (size before relaxing)

.comment        0x00000000       0x49
 .comment       0x00000000       0x49 ./Core/Src/main.o
                                 0x4a (size before relaxing)
 .comment       0x00000049       0x4a ./Core/Src/stm32h7xx_hal_msp.o
 .comment       0x00000049       0x4a ./Core/Src/stm32h7xx_it.o
 .comment       0x00000049       0x4a ./Core/Src/system_stm32h7xx.o
 .comment       0x00000049       0x4a ./Drivers/STM32H7xx_HAL_Driver/Src/stm32h7xx_hal.o
 .comment       0x00000049       0x4a ./Drivers/STM32H7xx_HAL_Driver/Src/stm32h7xx_hal_cortex.o
 .comment       0x00000049       0x4a ./Drivers/STM32H7xx_HAL_Driver/Src/stm32h7xx_hal_gpio.o
 .comment       0x00000049       0x4a ./Drivers/STM32H7xx_HAL_Driver/Src/stm32h7xx_hal_pwr_ex.o
 .comment       0x00000049       0x4a ./Drivers/STM32H7xx_HAL_Driver/Src/stm32h7xx_hal_rcc.o

.debug_frame    0x00000000     0x1744
 .debug_frame   0x00000000       0xe4 ./Core/Src/main.o
 .debug_frame   0x000000e4       0x38 ./Core/Src/stm32h7xx_hal_msp.o
 .debug_frame   0x0000011c      0x128 ./Core/Src/stm32h7xx_it.o
 .debug_frame   0x00000244       0x58 ./Core/Src/system_stm32h7xx.o
 .debug_frame   0x0000029c      0x708 ./Drivers/STM32H7xx_HAL_Driver/Src/stm32h7xx_hal.o
 .debug_frame   0x000009a4      0x4b8 ./Drivers/STM32H7xx_HAL_Driver/Src/stm32h7xx_hal_cortex.o
 .debug_frame   0x00000e5c      0x14c ./Drivers/STM32H7xx_HAL_Driver/Src/stm32h7xx_hal_gpio.o
 .debug_frame   0x00000fa8      0x580 ./Drivers/STM32H7xx_HAL_Driver/Src/stm32h7xx_hal_pwr_ex.o
 .debug_frame   0x00001528      0x1f0 ./Drivers/STM32H7xx_HAL_Driver/Src/stm32h7xx_hal_rcc.o
 .debug_frame   0x00001718       0x2c c:/dev/release_git_jenkins/tools/gcc-arm-none-eabi/bin/../lib/gcc/arm-none-eabi/10.3.1/../../../../arm-none-eabi/lib/thumb/v7e-m+dp/hard\libc_nano.a(lib_a-init.o)
