Archive member included to satisfy reference by file (symbol)

c:/st/stm32cubeide_1.7.0/stm32cubeide/plugins/com.st.stm32cube.ide.mcu.externaltools.gnu-tools-for-stm32.9-2020-q2-update.win32_2.0.0.202105311346/tools/bin/../lib/gcc/arm-none-eabi/9.3.1/../../../../arm-none-eabi/lib/thumb/v7e-m+dp/hard\libc_nano.a(lib_a-errno.o)
                              ./Core/Src/syscalls.o (__errno)
c:/st/stm32cubeide_1.7.0/stm32cubeide/plugins/com.st.stm32cube.ide.mcu.externaltools.gnu-tools-for-stm32.9-2020-q2-update.win32_2.0.0.202105311346/tools/bin/../lib/gcc/arm-none-eabi/9.3.1/../../../../arm-none-eabi/lib/thumb/v7e-m+dp/hard\libc_nano.a(lib_a-exit.o)
                              c:/st/stm32cubeide_1.7.0/stm32cubeide/plugins/com.st.stm32cube.ide.mcu.externaltools.gnu-tools-for-stm32.9-2020-q2-update.win32_2.0.0.202105311346/tools/bin/../lib/gcc/arm-none-eabi/9.3.1/../../../../arm-none-eabi/lib/thumb/v7e-m+dp/hard/crt0.o (exit)
c:/st/stm32cubeide_1.7.0/stm32cubeide/plugins/com.st.stm32cube.ide.mcu.externaltools.gnu-tools-for-stm32.9-2020-q2-update.win32_2.0.0.202105311346/tools/bin/../lib/gcc/arm-none-eabi/9.3.1/../../../../arm-none-eabi/lib/thumb/v7e-m+dp/hard\libc_nano.a(lib_a-impure.o)
                              c:/st/stm32cubeide_1.7.0/stm32cubeide/plugins/com.st.stm32cube.ide.mcu.externaltools.gnu-tools-for-stm32.9-2020-q2-update.win32_2.0.0.202105311346/tools/bin/../lib/gcc/arm-none-eabi/9.3.1/../../../../arm-none-eabi/lib/thumb/v7e-m+dp/hard\libc_nano.a(lib_a-exit.o) (_global_impure_ptr)
c:/st/stm32cubeide_1.7.0/stm32cubeide/plugins/com.st.stm32cube.ide.mcu.externaltools.gnu-tools-for-stm32.9-2020-q2-update.win32_2.0.0.202105311346/tools/bin/../lib/gcc/arm-none-eabi/9.3.1/../../../../arm-none-eabi/lib/thumb/v7e-m+dp/hard\libc_nano.a(lib_a-init.o)
                              c:/st/stm32cubeide_1.7.0/stm32cubeide/plugins/com.st.stm32cube.ide.mcu.externaltools.gnu-tools-for-stm32.9-2020-q2-update.win32_2.0.0.202105311346/tools/bin/../lib/gcc/arm-none-eabi/9.3.1/../../../../arm-none-eabi/lib/thumb/v7e-m+dp/hard/crt0.o (__libc_init_array)
c:/st/stm32cubeide_1.7.0/stm32cubeide/plugins/com.st.stm32cube.ide.mcu.externaltools.gnu-tools-for-stm32.9-2020-q2-update.win32_2.0.0.202105311346/tools/bin/../lib/gcc/arm-none-eabi/9.3.1/../../../../arm-none-eabi/lib/thumb/v7e-m+dp/hard\libc_nano.a(lib_a-memset.o)
                              c:/st/stm32cubeide_1.7.0/stm32cubeide/plugins/com.st.stm32cube.ide.mcu.externaltools.gnu-tools-for-stm32.9-2020-q2-update.win32_2.0.0.202105311346/tools/bin/../lib/gcc/arm-none-eabi/9.3.1/../../../../arm-none-eabi/lib/thumb/v7e-m+dp/hard/crt0.o (memset)

Allocating common symbols
Common symbol       size              file

uwTick              0x4               ./Drivers/STM32H7xx_HAL_Driver/Src/stm32h7xx_hal.o
pFlash              0x1c              ./Drivers/STM32H7xx_HAL_Driver/Src/stm32h7xx_hal_flash.o

Discarded input sections

 .text          0x0000000000000000        0x0 c:/st/stm32cubeide_1.7.0/stm32cubeide/plugins/com.st.stm32cube.ide.mcu.externaltools.gnu-tools-for-stm32.9-2020-q2-update.win32_2.0.0.202105311346/tools/bin/../lib/gcc/arm-none-eabi/9.3.1/thumb/v7e-m+dp/hard/crti.o
 .data          0x0000000000000000        0x0 c:/st/stm32cubeide_1.7.0/stm32cubeide/plugins/com.st.stm32cube.ide.mcu.externaltools.gnu-tools-for-stm32.9-2020-q2-update.win32_2.0.0.202105311346/tools/bin/../lib/gcc/arm-none-eabi/9.3.1/thumb/v7e-m+dp/hard/crti.o
 .bss           0x0000000000000000        0x0 c:/st/stm32cubeide_1.7.0/stm32cubeide/plugins/com.st.stm32cube.ide.mcu.externaltools.gnu-tools-for-stm32.9-2020-q2-update.win32_2.0.0.202105311346/tools/bin/../lib/gcc/arm-none-eabi/9.3.1/thumb/v7e-m+dp/hard/crti.o
 .data          0x0000000000000000        0x4 c:/st/stm32cubeide_1.7.0/stm32cubeide/plugins/com.st.stm32cube.ide.mcu.externaltools.gnu-tools-for-stm32.9-2020-q2-update.win32_2.0.0.202105311346/tools/bin/../lib/gcc/arm-none-eabi/9.3.1/thumb/v7e-m+dp/hard/crtbegin.o
 .text          0x0000000000000000       0x7c c:/st/stm32cubeide_1.7.0/stm32cubeide/plugins/com.st.stm32cube.ide.mcu.externaltools.gnu-tools-for-stm32.9-2020-q2-update.win32_2.0.0.202105311346/tools/bin/../lib/gcc/arm-none-eabi/9.3.1/../../../../arm-none-eabi/lib/thumb/v7e-m+dp/hard/crt0.o
 .data          0x0000000000000000        0x0 c:/st/stm32cubeide_1.7.0/stm32cubeide/plugins/com.st.stm32cube.ide.mcu.externaltools.gnu-tools-for-stm32.9-2020-q2-update.win32_2.0.0.202105311346/tools/bin/../lib/gcc/arm-none-eabi/9.3.1/../../../../arm-none-eabi/lib/thumb/v7e-m+dp/hard/crt0.o
 .bss           0x0000000000000000        0x0 c:/st/stm32cubeide_1.7.0/stm32cubeide/plugins/com.st.stm32cube.ide.mcu.externaltools.gnu-tools-for-stm32.9-2020-q2-update.win32_2.0.0.202105311346/tools/bin/../lib/gcc/arm-none-eabi/9.3.1/../../../../arm-none-eabi/lib/thumb/v7e-m+dp/hard/crt0.o
[...]
Memory Configuration

Name             Origin             Length             Attributes
FLASH            0x0000000008000000 0x0000000000200000 xr
DTCMRAM          0x0000000020000000 0x0000000000020000 xrw
RAM_D1           0x0000000024000000 0x0000000000080000 xrw
RAM_D2           0x0000000030000000 0x0000000000048000 xrw
RAM_D3           0x0000000038000000 0x0000000000010000 xrw
ITCMRAM          0x0000000000000000 0x0000000000010000 xrw
*default*        0x0000000000000000 0xffffffffffffffff

Linker script and memory map

LOAD c:/st/stm32cubeide_1.7.0/stm32cubeide/plugins/com.st.stm32cube.ide.mcu.externaltools.gnu-tools-for-stm32.9-2020-q2-update.win32_2.0.0.202105311346/tools/bin/../lib/gcc/arm-none-eabi/9.3.1/thumb/v7e-m+dp/hard/crti.o
LOAD c:/st/stm32cubeide_1.7.0/stm32cubeide/plugins/com.st.stm32cube.ide.mcu.externaltools.gnu-tools-for-stm32.9-2020-q2-update.win32_2.0.0.202105311346/tools/bin/../lib/gcc/arm-none-eabi/9.3.1/thumb/v7e-m+dp/hard/crtbegin.o
LOAD c:/st/stm32cubeide_1.7.0/stm32cubeide/plugins/com.st.stm32cube.ide.mcu.externaltools.gnu-tools-for-stm32.9-2020-q2-update.win32_2.0.0.202105311346/tools/bin/../lib/gcc/arm-none-eabi/9.3.1/../../../../arm-none-eabi/lib/thumb/v7e-m+dp/hard/crt0.o
LOAD ./Core/Src/main.o
LOAD ./Core/Src/stm32h7xx_hal_msp.o
LOAD ./Core/Src/stm32h7xx_it.o
LOAD ./Core/Src/syscalls.o
LOAD ./Core/Src/sysmem.o
LOAD ./Core/Src/system_stm32h7xx.o
LOAD ./Core/Startup/startup_stm32h743zitx.o
LOAD ./Drivers/STM32H7xx_HAL_Driver/Src/stm32h7xx_hal.o
LOAD ./Drivers/STM32H7xx_HAL_Driver/Src/stm32h7xx_hal_cortex.o
LOAD ./Drivers/STM32H7xx_HAL_Driver/Src/stm32h7xx_hal_dma.o
LOAD ./Drivers/STM32H7xx_HAL_Driver/Src/stm32h7xx_hal_dma_ex.o
LOAD ./Drivers/STM32H7xx_HAL_Driver/Src/stm32h7xx_hal_exti.o
LOAD ./Drivers/STM32H7xx_HAL_Driver/Src/stm32h7xx_hal_flash.o
LOAD ./Drivers/STM32H7xx_HAL_Driver/Src/stm32h7xx_hal_flash_ex.o
LOAD ./Drivers/STM32H7xx_HAL_Driver/Src/stm32h7xx_hal_gpio.o
LOAD ./Drivers/STM32H7xx_HAL_Driver/Src/stm32h7xx_hal_hsem.o
LOAD ./Drivers/STM32H7xx_HAL_Driver/Src/stm32h7xx_hal_i2c.o
LOAD ./Drivers/STM32H7xx_HAL_Driver/Src/stm32h7xx_hal_i2c_ex.o
LOAD ./Drivers/STM32H7xx_HAL_Driver/Src/stm32h7xx_hal_mdma.o
LOAD ./Drivers/STM32H7xx_HAL_Driver/Src/stm32h7xx_hal_pwr.o
LOAD ./Drivers/STM32H7xx_HAL_Driver/Src/stm32h7xx_hal_pwr_ex.o
LOAD ./Drivers/STM32H7xx_HAL_Driver/Src/stm32h7xx_hal_rcc.o
LOAD ./Drivers/STM32H7xx_HAL_Driver/Src/stm32h7xx_hal_rcc_ex.o
LOAD ./Drivers/STM32H7xx_HAL_Driver/Src/stm32h7xx_hal_tim.o
LOAD ./Drivers/STM32H7xx_HAL_Driver/Src/stm32h7xx_hal_tim_ex.o
START GROUP
LOAD c:/st/stm32cubeide_1.7.0/stm32cubeide/plugins/com.st.stm32cube.ide.mcu.externaltools.gnu-tools-for-stm32.9-2020-q2-update.win32_2.0.0.202105311346/tools/bin/../lib/gcc/arm-none-eabi/9.3.1/../../../../arm-none-eabi/lib/thumb/v7e-m+dp/hard\libc_nano.a
LOAD c:/st/stm32cubeide_1.7.0/stm32cubeide/plugins/com.st.stm32cube.ide.mcu.externaltools.gnu-tools-for-stm32.9-2020-q2-update.win32_2.0.0.202105311346/tools/bin/../lib/gcc/arm-none-eabi/9.3.1/../../../../arm-none-eabi/lib/thumb/v7e-m+dp/hard\libm.a
END GROUP
START GROUP
LOAD c:/st/stm32cubeide_1.7.0/stm32cubeide/plugins/com.st.stm32cube.ide.mcu.externaltools.gnu-tools-for-stm32.9-2020-q2-update.win32_2.0.0.202105311346/tools/bin/../lib/gcc/arm-none-eabi/9.3.1/thumb/v7e-m+dp/hard\libgcc.a
LOAD c:/st/stm32cubeide_1.7.0/stm32cubeide/plugins/com.st.stm32cube.ide.mcu.externaltools.gnu-tools-for-stm32.9-2020-q2-update.win32_2.0.0.202105311346/tools/bin/../lib/gcc/arm-none-eabi/9.3.1/../../../../arm-none-eabi/lib/thumb/v7e-m+dp/hard\libc_nano.a
END GROUP
START GROUP
LOAD c:/st/stm32cubeide_1.7.0/stm32cubeide/plugins/com.st.stm32cube.ide.mcu.externaltools.gnu-tools-for-stm32.9-2020-q2-update.win32_2.0.0.202105311346/tools/bin/../lib/gcc/arm-none-eabi/9.3.1/thumb/v7e-m+dp/hard\libgcc.a
LOAD c:/st/stm32cubeide_1.7.0/stm32cubeide/plugins/com.st.stm32cube.ide.mcu.externaltools.gnu-tools-for-stm32.9-2020-q2-update.win32_2.0.0.202105311346/tools/bin/../lib/gcc/arm-none-eabi/9.3.1/../../../../arm-none-eabi/lib/thumb/v7e-m+dp/hard\libc_nano.a
LOAD c:/st/stm32cubeide_1.7.0/stm32cubeide/plugins/com.st.stm32cube.ide.mcu.externaltools.gnu-tools-for-stm32.9-2020-q2-update.win32_2.0.0.202105311346/tools/bin/../lib/gcc/arm-none-eabi/9.3.1/../../../../arm-none-eabi/lib/thumb/v7e-m+dp/hard\libnosys.a
END GROUP
START GROUP
LOAD c:/st/stm32cubeide_1.7.0/stm32cubeide/plugins/com.st.stm32cube.ide.mcu.externaltools.gnu-tools-for-stm32.9-2020-q2-update.win32_2.0.0.202105311346/tools/bin/../lib/gcc/arm-none-eabi/9.3.1/thumb/v7e-m+dp/hard\libgcc.a
LOAD c:/st/stm32cubeide_1.7.0/stm32cubeide/plugins/com.st.stm32cube.ide.mcu.externaltools.gnu-tools-for-stm32.9-2020-q2-update.win32_2.0.0.202105311346/tools/bin/../lib/gcc/arm-none-eabi/9.3.1/../../../../arm-none-eabi/lib/thumb/v7e-m+dp/hard\libc_nano.a
LOAD c:/st/stm32cubeide_1.7.0/stm32cubeide/plugins/com.st.stm32cube.ide.mcu.externaltools.gnu-tools-for-stm32.9-2020-q2-update.win32_2.0.0.202105311346/tools/bin/../lib/gcc/arm-none-eabi/9.3.1/../../../../arm-none-eabi/lib/thumb/v7e-m+dp/hard\libnosys.a
END GROUP
LOAD c:/st/stm32cubeide_1.7.0/stm32cubeide/plugins/com.st.stm32cube.ide.mcu.externaltools.gnu-tools-for-stm32.9-2020-q2-update.win32_2.0.0.202105311346/tools/bin/../lib/gcc/arm-none-eabi/9.3.1/thumb/v7e-m+dp/hard/crtend.o
LOAD c:/st/stm32cubeide_1.7.0/stm32cubeide/plugins/com.st.stm32cube.ide.mcu.externaltools.gnu-tools-for-stm32.9-2020-q2-update.win32_2.0.0.202105311346/tools/bin/../lib/gcc/arm-none-eabi/9.3.1/thumb/v7e-m+dp/hard/crtn.o
                0x0000000024080000                _estack = (ORIGIN (RAM_D1) + LENGTH (RAM_D1))
                0x0000000000000200                _Min_Heap_Size = 0x200
                0x0000000000000400                _Min_Stack_Size = 0x400

.isr_vector     0x0000000008000000      0x298
                0x0000000008000000                . = ALIGN (0x4)
 *(.isr_vector)
 .isr_vector    0x0000000008000000      0x298 ./Core/Startup/startup_stm32h743zitx.o
                0x0000000008000000                g_pfnVectors
                0x0000000008000298                . = ALIGN (0x4)

.text           0x0000000008000298     0x1ab0
                0x0000000008000298                . = ALIGN (0x4)
 *(.text)
 .text          0x0000000008000298       0x40 c:/st/stm32cubeide_1.7.0/stm32cubeide/plugins/com.st.stm32cube.ide.mcu.externaltools.gnu-tools-for-stm32.9-2020-q2-update.win32_2.0.0.202105311346/tools/bin/../lib/gcc/arm-none-eabi/9.3.1/thumb/v7e-m+dp/hard/crtbegin.o
 *(.text*)
 .text._initTestTab
                0x00000000080002d8       0x3c ./Core/Src/main.o
 .text.main     0x0000000008000314       0x9c ./Core/Src/main.o
                0x0000000008000314                main
 .text.Error_Handler
                0x00000000080003b0        0x6 ./Core/Src/main.o
 *fill*         0x00000000080003b6        0x2 
 .text.SystemClock_Config
                0x00000000080003b8      0x130 ./Core/Src/main.o
 .text.EXTI15_10_IRQHandler_Config
                0x00000000080004e8       0x60 ./Core/Src/main.o
 .text.HAL_GPIO_EXTI_Callback
                0x0000000008000548       0x28 ./Core/Src/main.o
                0x0000000008000548                HAL_GPIO_EXTI_Callback
 .text.HAL_MspInit
                0x0000000008000570       0x34 ./Core/Src/stm32h7xx_hal_msp.o
                0x0000000008000570                HAL_MspInit
 .text.NMI_Handler
                0x00000000080005a4        0xe ./Core/Src/stm32h7xx_it.o
                0x00000000080005a4                NMI_Handler
 .text.HardFault_Handler
                0x00000000080005b2        0x6 ./Core/Src/stm32h7xx_it.o
                0x00000000080005b2                HardFault_Handler
 .text.MemManage_Handler
                0x00000000080005b8        0x6 ./Core/Src/stm32h7xx_it.o
                0x00000000080005b8                MemManage_Handler
 .text.BusFault_Handler
                0x00000000080005be        0x6 ./Core/Src/stm32h7xx_it.o
                0x00000000080005be                BusFault_Handler
 .text.UsageFault_Handler
                0x00000000080005c4        0x6 ./Core/Src/stm32h7xx_it.o
                0x00000000080005c4                UsageFault_Handler
 .text.SVC_Handler
                0x00000000080005ca        0xe ./Core/Src/stm32h7xx_it.o
                0x00000000080005ca                SVC_Handler
 .text.DebugMon_Handler
                0x00000000080005d8        0xe ./Core/Src/stm32h7xx_it.o
                0x00000000080005d8                DebugMon_Handler
 .text.PendSV_Handler
                0x00000000080005e6        0xe ./Core/Src/stm32h7xx_it.o
                0x00000000080005e6                PendSV_Handler
 .text.SysTick_Handler
                0x00000000080005f4        0xc ./Core/Src/stm32h7xx_it.o
                0x00000000080005f4                SysTick_Handler
 .text.EXTI15_10_IRQHandler
                0x0000000008000600       0x10 ./Core/Src/stm32h7xx_it.o
                0x0000000008000600                EXTI15_10_IRQHandler
 .text.SystemInit
                0x0000000008000610       0xc4 ./Core/Src/system_stm32h7xx.o
                0x0000000008000610                SystemInit
 .text.Reset_Handler
                0x00000000080006d4       0x50 ./Core/Startup/startup_stm32h743zitx.o
                0x00000000080006d4                Reset_Handler
 .text.Default_Handler
                0x0000000008000724        0x2 ./Core/Startup/startup_stm32h743zitx.o
                0x0000000008000724                RTC_Alarm_IRQHandler
                0x0000000008000724                EXTI2_IRQHandler
                0x0000000008000724                TIM8_CC_IRQHandler
                0x0000000008000724                HRTIM1_Master_IRQHandler
                0x0000000008000724                UART8_IRQHandler
                0x0000000008000724                SPI4_IRQHandler
                0x0000000008000724                TIM1_CC_IRQHandler
                0x0000000008000724                BDMA_Channel6_IRQHandler
                0x0000000008000724                DMA2_Stream5_IRQHandler
                0x0000000008000724                HRTIM1_FLT_IRQHandler
                0x0000000008000724                JPEG_IRQHandler
                0x0000000008000724                DMA1_Stream5_IRQHandler
                0x0000000008000724                BDMA_Channel1_IRQHandler
                0x0000000008000724                HRTIM1_TIMD_IRQHandler
                0x0000000008000724                TAMP_STAMP_IRQHandler
                0x0000000008000724                EXTI3_IRQHandler
                0x0000000008000724                LPTIM4_IRQHandler
                0x0000000008000724                TIM8_TRG_COM_TIM14_IRQHandler
                0x0000000008000724                LPTIM2_IRQHandler
                0x0000000008000724                DFSDM1_FLT1_IRQHandler
                0x0000000008000724                DMAMUX2_OVR_IRQHandler
                0x0000000008000724                TIM8_UP_TIM13_IRQHandler
                0x0000000008000724                I2C3_ER_IRQHandler
                0x0000000008000724                DFSDM1_FLT2_IRQHandler
                0x0000000008000724                MDMA_IRQHandler
                0x0000000008000724                LPTIM3_IRQHandler
                0x0000000008000724                HSEM1_IRQHandler
                0x0000000008000724                EXTI0_IRQHandler
                0x0000000008000724                I2C2_EV_IRQHandler
                0x0000000008000724                DMA1_Stream2_IRQHandler
                0x0000000008000724                FPU_IRQHandler
                0x0000000008000724                OTG_HS_WKUP_IRQHandler
                0x0000000008000724                FDCAN1_IT1_IRQHandler
                0x0000000008000724                LTDC_ER_IRQHandler
                0x0000000008000724                DMA2_Stream2_IRQHandler
                0x0000000008000724                HRTIM1_TIME_IRQHandler
                0x0000000008000724                SPI1_IRQHandler
                0x0000000008000724                TIM6_DAC_IRQHandler
                0x0000000008000724                DCMI_IRQHandler
                0x0000000008000724                HRTIM1_TIMC_IRQHandler
                0x0000000008000724                DMA2_Stream3_IRQHandler
                0x0000000008000724                SAI2_IRQHandler
                0x0000000008000724                DFSDM1_FLT3_IRQHandler
                0x0000000008000724                USART6_IRQHandler
                0x0000000008000724                TIM17_IRQHandler
                0x0000000008000724                USART3_IRQHandler
                0x0000000008000724                BDMA_Channel7_IRQHandler
                0x0000000008000724                LPTIM5_IRQHandler
                0x0000000008000724                UART5_IRQHandler
                0x0000000008000724                ADC3_IRQHandler
                0x0000000008000724                DMA2_Stream0_IRQHandler
                0x0000000008000724                TIM4_IRQHandler
                0x0000000008000724                BDMA_Channel2_IRQHandler
                0x0000000008000724                QUADSPI_IRQHandler
                0x0000000008000724                I2C1_EV_IRQHandler
                0x0000000008000724                DMA1_Stream6_IRQHandler
                0x0000000008000724                DMAMUX1_OVR_IRQHandler
                0x0000000008000724                DMA1_Stream1_IRQHandler
                0x0000000008000724                TIM16_IRQHandler
                0x0000000008000724                UART4_IRQHandler
                0x0000000008000724                BDMA_Channel5_IRQHandler
                0x0000000008000724                TIM3_IRQHandler
                0x0000000008000724                RCC_IRQHandler
                0x0000000008000724                TIM8_BRK_TIM12_IRQHandler
                0x0000000008000724                TIM1_TRG_COM_IRQHandler
                0x0000000008000724                Default_Handler
                0x0000000008000724                ECC_IRQHandler
                0x0000000008000724                CEC_IRQHandler
                0x0000000008000724                BDMA_Channel0_IRQHandler
                0x0000000008000724                ADC_IRQHandler
                0x0000000008000724                DMA1_Stream7_IRQHandler
                0x0000000008000724                HRTIM1_TIMA_IRQHandler
                0x0000000008000724                SPI5_IRQHandler
                0x0000000008000724                TIM7_IRQHandler
                0x0000000008000724                SDMMC1_IRQHandler
                0x0000000008000724                TIM5_IRQHandler
                0x0000000008000724                DMA2_Stream7_IRQHandler
                0x0000000008000724                TIM15_IRQHandler
                0x0000000008000724                PVD_AVD_IRQHandler
                0x0000000008000724                I2C3_EV_IRQHandler
                0x0000000008000724                EXTI9_5_IRQHandler
                0x0000000008000724                RTC_WKUP_IRQHandler
                0x0000000008000724                LTDC_IRQHandler
                0x0000000008000724                SAI3_IRQHandler
                0x0000000008000724                ETH_WKUP_IRQHandler
                0x0000000008000724                SPDIF_RX_IRQHandler
                0x0000000008000724                SPI2_IRQHandler
                0x0000000008000724                OTG_HS_EP1_IN_IRQHandler
                0x0000000008000724                DMA1_Stream0_IRQHandler
                0x0000000008000724                CRS_IRQHandler
                0x0000000008000724                EXTI4_IRQHandler
                0x0000000008000724                RNG_IRQHandler
                0x0000000008000724                HRTIM1_TIMB_IRQHandler
                0x0000000008000724                FDCAN2_IT1_IRQHandler
                0x0000000008000724                ETH_IRQHandler
                0x0000000008000724                TIM1_UP_IRQHandler
                0x0000000008000724                BDMA_Channel4_IRQHandler
                0x0000000008000724                OTG_HS_EP1_OUT_IRQHandler
                0x0000000008000724                WWDG_IRQHandler
                0x0000000008000724                SPI6_IRQHandler
                0x0000000008000724                MDIOS_IRQHandler
                0x0000000008000724                I2C4_EV_IRQHandler
                0x0000000008000724                FDCAN2_IT0_IRQHandler
                0x0000000008000724                LPUART1_IRQHandler
                0x0000000008000724                FDCAN1_IT0_IRQHandler
                0x0000000008000724                TIM2_IRQHandler
                0x0000000008000724                OTG_FS_WKUP_IRQHandler
                0x0000000008000724                OTG_HS_IRQHandler
                0x0000000008000724                DMA2D_IRQHandler
                0x0000000008000724                TIM1_BRK_IRQHandler
                0x0000000008000724                EXTI1_IRQHandler
                0x0000000008000724                SDMMC2_IRQHandler
                0x0000000008000724                OTG_FS_EP1_OUT_IRQHandler
                0x0000000008000724                BDMA_Channel3_IRQHandler
                0x0000000008000724                UART7_IRQHandler
                0x0000000008000724                MDIOS_WKUP_IRQHandler
                0x0000000008000724                USART2_IRQHandler
                0x0000000008000724                DFSDM1_FLT0_IRQHandler
                0x0000000008000724                SAI4_IRQHandler
                0x0000000008000724                I2C2_ER_IRQHandler
                0x0000000008000724                DMA2_Stream1_IRQHandler
                0x0000000008000724                FLASH_IRQHandler
                0x0000000008000724                DMA2_Stream4_IRQHandler
                0x0000000008000724                USART1_IRQHandler
                0x0000000008000724                OTG_FS_IRQHandler
                0x0000000008000724                SPI3_IRQHandler
                0x0000000008000724                WAKEUP_PIN_IRQHandler
                0x0000000008000724                DMA1_Stream4_IRQHandler
                0x0000000008000724                OTG_FS_EP1_IN_IRQHandler
                0x0000000008000724                I2C1_ER_IRQHandler
                0x0000000008000724                FMC_IRQHandler
                0x0000000008000724                FDCAN_CAL_IRQHandler
                0x0000000008000724                SWPMI1_IRQHandler
                0x0000000008000724                COMP1_IRQHandler
                0x0000000008000724                LPTIM1_IRQHandler
                0x0000000008000724                I2C4_ER_IRQHandler
                0x0000000008000724                DMA2_Stream6_IRQHandler
                0x0000000008000724                SAI1_IRQHandler
                0x0000000008000724                DMA1_Stream3_IRQHandler
 *fill*         0x0000000008000726        0x2 
 .text.HAL_Init
                0x0000000008000728       0x70 ./Drivers/STM32H7xx_HAL_Driver/Src/stm32h7xx_hal.o
                0x0000000008000728                HAL_Init
 .text.HAL_InitTick
                0x0000000008000798       0x6c ./Drivers/STM32H7xx_HAL_Driver/Src/stm32h7xx_hal.o
                0x0000000008000798                HAL_InitTick
 .text.HAL_IncTick
                0x0000000008000804       0x28 ./Drivers/STM32H7xx_HAL_Driver/Src/stm32h7xx_hal.o
                0x0000000008000804                HAL_IncTick
 .text.HAL_GetTick
                0x000000000800082c       0x18 ./Drivers/STM32H7xx_HAL_Driver/Src/stm32h7xx_hal.o
                0x000000000800082c                HAL_GetTick
 .text.HAL_Delay
                0x0000000008000844       0x48 ./Drivers/STM32H7xx_HAL_Driver/Src/stm32h7xx_hal.o
                0x0000000008000844                HAL_Delay
 .text.HAL_GetREVID
                0x000000000800088c       0x18 ./Drivers/STM32H7xx_HAL_Driver/Src/stm32h7xx_hal.o
                0x000000000800088c                HAL_GetREVID
 .text.HAL_EnableCompensationCell
                0x00000000080008a4       0x20 ./Drivers/STM32H7xx_HAL_Driver/Src/stm32h7xx_hal.o
                0x00000000080008a4                HAL_EnableCompensationCell
 .text.__NVIC_SetPriorityGrouping
                0x00000000080008c4       0x48 ./Drivers/STM32H7xx_HAL_Driver/Src/stm32h7xx_hal_cortex.o
 .text.__NVIC_GetPriorityGrouping
                0x000000000800090c       0x1c ./Drivers/STM32H7xx_HAL_Driver/Src/stm32h7xx_hal_cortex.o
 .text.__NVIC_EnableIRQ
                0x0000000008000928       0x3c ./Drivers/STM32H7xx_HAL_Driver/Src/stm32h7xx_hal_cortex.o
 .text.__NVIC_SetPriority
                0x0000000008000964       0x54 ./Drivers/STM32H7xx_HAL_Driver/Src/stm32h7xx_hal_cortex.o
 .text.NVIC_EncodePriority
                0x00000000080009b8       0x66 ./Drivers/STM32H7xx_HAL_Driver/Src/stm32h7xx_hal_cortex.o
 *fill*         0x0000000008000a1e        0x2 
 .text.SysTick_Config
                0x0000000008000a20       0x44 ./Drivers/STM32H7xx_HAL_Driver/Src/stm32h7xx_hal_cortex.o
 .text.HAL_NVIC_SetPriorityGrouping
                0x0000000008000a64       0x16 ./Drivers/STM32H7xx_HAL_Driver/Src/stm32h7xx_hal_cortex.o
                0x0000000008000a64                HAL_NVIC_SetPriorityGrouping
 .text.HAL_NVIC_SetPriority
                0x0000000008000a7a       0x34 ./Drivers/STM32H7xx_HAL_Driver/Src/stm32h7xx_hal_cortex.o
                0x0000000008000a7a                HAL_NVIC_SetPriority
 .text.HAL_NVIC_EnableIRQ
                0x0000000008000aae       0x1c ./Drivers/STM32H7xx_HAL_Driver/Src/stm32h7xx_hal_cortex.o
                0x0000000008000aae                HAL_NVIC_EnableIRQ
 .text.HAL_SYSTICK_Config
                0x0000000008000aca       0x18 ./Drivers/STM32H7xx_HAL_Driver/Src/stm32h7xx_hal_cortex.o
                0x0000000008000aca                HAL_SYSTICK_Config
 *fill*         0x0000000008000ae2        0x2 
 .text.HAL_GPIO_Init
                0x0000000008000ae4      0x360 ./Drivers/STM32H7xx_HAL_Driver/Src/stm32h7xx_hal_gpio.o
                0x0000000008000ae4                HAL_GPIO_Init
 .text.HAL_GPIO_EXTI_IRQHandler
                0x0000000008000e44       0x34 ./Drivers/STM32H7xx_HAL_Driver/Src/stm32h7xx_hal_gpio.o
                0x0000000008000e44                HAL_GPIO_EXTI_IRQHandler
 .text.HAL_PWREx_ConfigSupply
                0x0000000008000e78       0x74 ./Drivers/STM32H7xx_HAL_Driver/Src/stm32h7xx_hal_pwr_ex.o
                0x0000000008000e78                HAL_PWREx_ConfigSupply
 .text.HAL_RCC_OscConfig
                0x0000000008000eec      0x7c0 ./Drivers/STM32H7xx_HAL_Driver/Src/stm32h7xx_hal_rcc.o
                0x0000000008000eec                HAL_RCC_OscConfig
 .text.HAL_RCC_ClockConfig
                0x00000000080016ac      0x348 ./Drivers/STM32H7xx_HAL_Driver/Src/stm32h7xx_hal_rcc.o
                0x00000000080016ac                HAL_RCC_ClockConfig
 .text.HAL_RCC_GetSysClockFreq
                0x00000000080019f4      0x2f4 ./Drivers/STM32H7xx_HAL_Driver/Src/stm32h7xx_hal_rcc.o
                0x00000000080019f4                HAL_RCC_GetSysClockFreq
 .text.__libc_init_array
                0x0000000008001ce8       0x48 c:/st/stm32cubeide_1.7.0/stm32cubeide/plugins/com.st.stm32cube.ide.mcu.externaltools.gnu-tools-for-stm32.9-2020-q2-update.win32_2.0.0.202105311346/tools/bin/../lib/gcc/arm-none-eabi/9.3.1/../../../../arm-none-eabi/lib/thumb/v7e-m+dp/hard\libc_nano.a(lib_a-init.o)
                0x0000000008001ce8                __libc_init_array
 *(.glue_7)
 .glue_7        0x0000000008001d30        0x0 linker stubs
 *(.glue_7t)
 .glue_7t       0x0000000008001d30        0x0 linker stubs
 *(.eh_frame)
 .eh_frame      0x0000000008001d30        0x0 c:/st/stm32cubeide_1.7.0/stm32cubeide/plugins/com.st.stm32cube.ide.mcu.externaltools.gnu-tools-for-stm32.9-2020-q2-update.win32_2.0.0.202105311346/tools/bin/../lib/gcc/arm-none-eabi/9.3.1/thumb/v7e-m+dp/hard/crtbegin.o
 *(.init)
 .init          0x0000000008001d30        0x4 c:/st/stm32cubeide_1.7.0/stm32cubeide/plugins/com.st.stm32cube.ide.mcu.externaltools.gnu-tools-for-stm32.9-2020-q2-update.win32_2.0.0.202105311346/tools/bin/../lib/gcc/arm-none-eabi/9.3.1/thumb/v7e-m+dp/hard/crti.o
                0x0000000008001d30                _init
 .init          0x0000000008001d34        0x8 c:/st/stm32cubeide_1.7.0/stm32cubeide/plugins/com.st.stm32cube.ide.mcu.externaltools.gnu-tools-for-stm32.9-2020-q2-update.win32_2.0.0.202105311346/tools/bin/../lib/gcc/arm-none-eabi/9.3.1/thumb/v7e-m+dp/hard/crtn.o
 *(.fini)
 .fini          0x0000000008001d3c        0x4 c:/st/stm32cubeide_1.7.0/stm32cubeide/plugins/com.st.stm32cube.ide.mcu.externaltools.gnu-tools-for-stm32.9-2020-q2-update.win32_2.0.0.202105311346/tools/bin/../lib/gcc/arm-none-eabi/9.3.1/thumb/v7e-m+dp/hard/crti.o
                0x0000000008001d3c                _fini
 .fini          0x0000000008001d40        0x8 c:/st/stm32cubeide_1.7.0/stm32cubeide/plugins/com.st.stm32cube.ide.mcu.externaltools.gnu-tools-for-stm32.9-2020-q2-update.win32_2.0.0.202105311346/tools/bin/../lib/gcc/arm-none-eabi/9.3.1/thumb/v7e-m+dp/hard/crtn.o
                0x0000000008001d48                . = ALIGN (0x4)
                0x0000000008001d48                _etext = .

.vfp11_veneer   0x0000000008001d48        0x0
 .vfp11_veneer  0x0000000008001d48        0x0 linker stubs

.v4_bx          0x0000000008001d48        0x0
 .v4_bx         0x0000000008001d48        0x0 linker stubs

.iplt           0x0000000008001d48        0x0
 .iplt          0x0000000008001d48        0x0 c:/st/stm32cubeide_1.7.0/stm32cubeide/plugins/com.st.stm32cube.ide.mcu.externaltools.gnu-tools-for-stm32.9-2020-q2-update.win32_2.0.0.202105311346/tools/bin/../lib/gcc/arm-none-eabi/9.3.1/thumb/v7e-m+dp/hard/crtbegin.o

.rodata         0x0000000008001d48       0x10
                0x0000000008001d48                . = ALIGN (0x4)
 *(.rodata)
 *(.rodata*)
 .rodata.D1CorePrescTable
                0x0000000008001d48       0x10 ./Core/Src/system_stm32h7xx.o
                0x0000000008001d48                D1CorePrescTable
                0x0000000008001d58                . = ALIGN (0x4)

.rel.dyn        0x0000000008001d58        0x0
 .rel.iplt      0x0000000008001d58        0x0 c:/st/stm32cubeide_1.7.0/stm32cubeide/plugins/com.st.stm32cube.ide.mcu.externaltools.gnu-tools-for-stm32.9-2020-q2-update.win32_2.0.0.202105311346/tools/bin/../lib/gcc/arm-none-eabi/9.3.1/thumb/v7e-m+dp/hard/crtbegin.o

.ARM.extab
 *(.ARM.extab* .gnu.linkonce.armextab.*)

.ARM            0x0000000008001d58        0x0
                0x0000000008001d58                __exidx_start = .
 *(.ARM.exidx*)
                0x0000000008001d58                __exidx_end = .

.preinit_array  0x0000000008001d58        0x0
                0x0000000008001d58                PROVIDE (__preinit_array_start = .)
 *(.preinit_array*)
                0x0000000008001d58                PROVIDE (__preinit_array_end = .)

.init_array     0x0000000008001d58        0x4
                0x0000000008001d58                PROVIDE (__init_array_start = .)
 *(SORT_BY_NAME(.init_array.*))
 *(.init_array*)
 .init_array    0x0000000008001d58        0x4 c:/st/stm32cubeide_1.7.0/stm32cubeide/plugins/com.st.stm32cube.ide.mcu.externaltools.gnu-tools-for-stm32.9-2020-q2-update.win32_2.0.0.202105311346/tools/bin/../lib/gcc/arm-none-eabi/9.3.1/thumb/v7e-m+dp/hard/crtbegin.o
                0x0000000008001d5c                PROVIDE (__init_array_end = .)

.fini_array     0x0000000008001d5c        0x4
                [!provide]                        PROVIDE (__fini_array_start = .)
 *(SORT_BY_NAME(.fini_array.*))
 *(.fini_array*)
 .fini_array    0x0000000008001d5c        0x4 c:/st/stm32cubeide_1.7.0/stm32cubeide/plugins/com.st.stm32cube.ide.mcu.externaltools.gnu-tools-for-stm32.9-2020-q2-update.win32_2.0.0.202105311346/tools/bin/../lib/gcc/arm-none-eabi/9.3.1/thumb/v7e-m+dp/hard/crtbegin.o
                [!provide]                        PROVIDE (__fini_array_end = .)
                0x0000000008001d60                _sidata = LOADADDR (.data)

.data           0x0000000024000000       0x10 load address 0x0000000008001d60
                0x0000000024000000                . = ALIGN (0x4)
                0x0000000024000000                _sdata = .
 *(.data)
 *(.data*)
 .data.SystemCoreClock
                0x0000000024000000        0x4 ./Core/Src/system_stm32h7xx.o
                0x0000000024000000                SystemCoreClock
 .data.SystemD2Clock
                0x0000000024000004        0x4 ./Core/Src/system_stm32h7xx.o
                0x0000000024000004                SystemD2Clock
 .data.uwTickPrio
                0x0000000024000008        0x4 ./Drivers/STM32H7xx_HAL_Driver/Src/stm32h7xx_hal.o
                0x0000000024000008                uwTickPrio
 .data.uwTickFreq
                0x000000002400000c        0x1 ./Drivers/STM32H7xx_HAL_Driver/Src/stm32h7xx_hal.o
                0x000000002400000c                uwTickFreq
 *(.RamFunc)
 *(.RamFunc*)
                0x0000000024000010                . = ALIGN (0x4)
 *fill*         0x000000002400000d        0x3 
                0x0000000024000010                _edata = .

.igot.plt       0x0000000024000010        0x0 load address 0x0000000008001d70
 .igot.plt      0x0000000024000010        0x0 c:/st/stm32cubeide_1.7.0/stm32cubeide/plugins/com.st.stm32cube.ide.mcu.externaltools.gnu-tools-for-stm32.9-2020-q2-update.win32_2.0.0.202105311346/tools/bin/../lib/gcc/arm-none-eabi/9.3.1/thumb/v7e-m+dp/hard/crtbegin.o
                0x0000000024000010                . = ALIGN (0x4)

.bss            0x0000000024000010       0x34 load address 0x0000000008001d70
                0x0000000024000010                _sbss = .
                0x0000000024000010                __bss_start__ = _sbss
 *(.bss)
 .bss           0x0000000024000010       0x1c c:/st/stm32cubeide_1.7.0/stm32cubeide/plugins/com.st.stm32cube.ide.mcu.externaltools.gnu-tools-for-stm32.9-2020-q2-update.win32_2.0.0.202105311346/tools/bin/../lib/gcc/arm-none-eabi/9.3.1/thumb/v7e-m+dp/hard/crtbegin.o
 *(.bss*)
 .bss._testResTab
                0x000000002400002c        0xa ./Core/Src/main.o
 *fill*         0x0000000024000036        0x2 
 .bss.ButtonState
                0x0000000024000038        0x4 ./Core/Src/main.o
                0x0000000024000038                ButtonState
 .bss.u8TestRes
                0x000000002400003c        0x1 ./Core/Src/main.o
                0x000000002400003c                u8TestRes
 *(COMMON)
 *fill*         0x000000002400003d        0x3 
 COMMON         0x0000000024000040        0x4 ./Drivers/STM32H7xx_HAL_Driver/Src/stm32h7xx_hal.o
                0x0000000024000040                uwTick
                0x0000000024000044                . = ALIGN (0x4)
                0x0000000024000044                _ebss = .
                0x0000000024000044                __bss_end__ = _ebss

._user_heap_stack
                0x0000000024000044      0x604 load address 0x0000000008001d70
                0x0000000024000048                . = ALIGN (0x8)
 *fill*         0x0000000024000044        0x4 
                [!provide]                        PROVIDE (end = .)
                0x0000000024000048                PROVIDE (_end = .)
                0x0000000024000248                . = (. + _Min_Heap_Size)
 *fill*         0x0000000024000048      0x200 
                0x0000000024000648                . = (. + _Min_Stack_Size)
 *fill*         0x0000000024000248      0x400 
                0x0000000024000648                . = ALIGN (0x8)

/DISCARD/
 libc.a(*)
 libm.a(*)
 libgcc.a(*)

.ARM.attributes
                0x0000000000000000       0x2e
 *(.ARM.attributes)
 .ARM.attributes
                0x0000000000000000       0x1e c:/st/stm32cubeide_1.7.0/stm32cubeide/plugins/com.st.stm32cube.ide.mcu.externaltools.gnu-tools-for-stm32.9-2020-q2-update.win32_2.0.0.202105311346/tools/bin/../lib/gcc/arm-none-eabi/9.3.1/thumb/v7e-m+dp/hard/crti.o
 .ARM.attributes
                0x000000000000001e       0x32 c:/st/stm32cubeide_1.7.0/stm32cubeide/plugins/com.st.stm32cube.ide.mcu.externaltools.gnu-tools-for-stm32.9-2020-q2-update.win32_2.0.0.202105311346/tools/bin/../lib/gcc/arm-none-eabi/9.3.1/thumb/v7e-m+dp/hard/crtbegin.o
 .ARM.attributes
                0x0000000000000050       0x32 ./Core/Src/main.o
 .ARM.attributes
                0x0000000000000082       0x32 ./Core/Src/stm32h7xx_hal_msp.o
 .ARM.attributes
                0x00000000000000b4       0x32 ./Core/Src/stm32h7xx_it.o
 .ARM.attributes
                0x00000000000000e6       0x32 ./Core/Src/system_stm32h7xx.o
 .ARM.attributes
                0x0000000000000118       0x21 ./Core/Startup/startup_stm32h743zitx.o
 .ARM.attributes
                0x0000000000000139       0x32 ./Drivers/STM32H7xx_HAL_Driver/Src/stm32h7xx_hal.o
 .ARM.attributes
                0x000000000000016b       0x32 ./Drivers/STM32H7xx_HAL_Driver/Src/stm32h7xx_hal_cortex.o
 .ARM.attributes
                0x000000000000019d       0x32 ./Drivers/STM32H7xx_HAL_Driver/Src/stm32h7xx_hal_gpio.o
 .ARM.attributes
                0x00000000000001cf       0x32 ./Drivers/STM32H7xx_HAL_Driver/Src/stm32h7xx_hal_pwr_ex.o
 .ARM.attributes
                0x0000000000000201       0x32 ./Drivers/STM32H7xx_HAL_Driver/Src/stm32h7xx_hal_rcc.o
 .ARM.attributes
                0x0000000000000233       0x32 c:/st/stm32cubeide_1.7.0/stm32cubeide/plugins/com.st.stm32cube.ide.mcu.externaltools.gnu-tools-for-stm32.9-2020-q2-update.win32_2.0.0.202105311346/tools/bin/../lib/gcc/arm-none-eabi/9.3.1/../../../../arm-none-eabi/lib/thumb/v7e-m+dp/hard\libc_nano.a(lib_a-init.o)
 .ARM.attributes
                0x0000000000000265       0x1e c:/st/stm32cubeide_1.7.0/stm32cubeide/plugins/com.st.stm32cube.ide.mcu.externaltools.gnu-tools-for-stm32.9-2020-q2-update.win32_2.0.0.202105311346/tools/bin/../lib/gcc/arm-none-eabi/9.3.1/thumb/v7e-m+dp/hard/crtn.o
OUTPUT(Emb_Jenkins_Proj.elf elf32-littlearm)
LOAD linker stubs
LOAD c:/st/stm32cubeide_1.7.0/stm32cubeide/plugins/com.st.stm32cube.ide.mcu.externaltools.gnu-tools-for-stm32.9-2020-q2-update.win32_2.0.0.202105311346/tools/bin/../lib/gcc/arm-none-eabi/9.3.1/../../../../arm-none-eabi/lib/thumb/v7e-m+dp/hard\libc.a
LOAD c:/st/stm32cubeide_1.7.0/stm32cubeide/plugins/com.st.stm32cube.ide.mcu.externaltools.gnu-tools-for-stm32.9-2020-q2-update.win32_2.0.0.202105311346/tools/bin/../lib/gcc/arm-none-eabi/9.3.1/../../../../arm-none-eabi/lib/thumb/v7e-m+dp/hard\libm.a
LOAD c:/st/stm32cubeide_1.7.0/stm32cubeide/plugins/com.st.stm32cube.ide.mcu.externaltools.gnu-tools-for-stm32.9-2020-q2-update.win32_2.0.0.202105311346/tools/bin/../lib/gcc/arm-none-eabi/9.3.1/thumb/v7e-m+dp/hard\libgcc.a

.debug_info     0x0000000000000000     0xd0aa
 .debug_info    0x0000000000000000     0x1a66 ./Core/Src/main.o
 .debug_info    0x0000000000001a66      0xf3b ./Core/Src/stm32h7xx_hal_msp.o
 .debug_info    0x00000000000029a1      0xc0c ./Core/Src/stm32h7xx_it.o
 .debug_info    0x00000000000035ad     0x144f ./Core/Src/system_stm32h7xx.o
 .debug_info    0x00000000000049fc       0x22 ./Core/Startup/startup_stm32h743zitx.o
 .debug_info    0x0000000000004a1e     0x1f98 ./Drivers/STM32H7xx_HAL_Driver/Src/stm32h7xx_hal.o
 .debug_info    0x00000000000069b6     0x1bd4 ./Drivers/STM32H7xx_HAL_Driver/Src/stm32h7xx_hal_cortex.o
 .debug_info    0x000000000000858a     0x17af ./Drivers/STM32H7xx_HAL_Driver/Src/stm32h7xx_hal_gpio.o
 .debug_info    0x0000000000009d39     0x1a6c ./Drivers/STM32H7xx_HAL_Driver/Src/stm32h7xx_hal_pwr_ex.o
 .debug_info    0x000000000000b7a5     0x1905 ./Drivers/STM32H7xx_HAL_Driver/Src/stm32h7xx_hal_rcc.o

.debug_abbrev   0x0000000000000000     0x19c1
 .debug_abbrev  0x0000000000000000      0x2fd ./Core/Src/main.o
 .debug_abbrev  0x00000000000002fd      0x20f ./Core/Src/stm32h7xx_hal_msp.o
 .debug_abbrev  0x000000000000050c      0x1ef ./Core/Src/stm32h7xx_it.o
 .debug_abbrev  0x00000000000006fb      0x251 ./Core/Src/system_stm32h7xx.o
 .debug_abbrev  0x000000000000094c       0x12 ./Core/Startup/startup_stm32h743zitx.o
 .debug_abbrev  0x000000000000095e      0x31d ./Drivers/STM32H7xx_HAL_Driver/Src/stm32h7xx_hal.o
 .debug_abbrev  0x0000000000000c7b      0x409 ./Drivers/STM32H7xx_HAL_Driver/Src/stm32h7xx_hal_cortex.o
 .debug_abbrev  0x0000000000001084      0x2cb ./Drivers/STM32H7xx_HAL_Driver/Src/stm32h7xx_hal_gpio.o
 .debug_abbrev  0x000000000000134f      0x350 ./Drivers/STM32H7xx_HAL_Driver/Src/stm32h7xx_hal_pwr_ex.o
 .debug_abbrev  0x000000000000169f      0x322 ./Drivers/STM32H7xx_HAL_Driver/Src/stm32h7xx_hal_rcc.o

.debug_aranges  0x0000000000000000      0x630
 .debug_aranges
                0x0000000000000000       0x48 ./Core/Src/main.o
 .debug_aranges
                0x0000000000000048       0x20 ./Core/Src/stm32h7xx_hal_msp.o
 .debug_aranges
                0x0000000000000068       0x68 ./Core/Src/stm32h7xx_it.o
 .debug_aranges
                0x00000000000000d0       0x28 ./Core/Src/system_stm32h7xx.o
 .debug_aranges
                0x00000000000000f8       0x28 ./Core/Startup/startup_stm32h743zitx.o
 .debug_aranges
                0x0000000000000120      0x1b8 ./Drivers/STM32H7xx_HAL_Driver/Src/stm32h7xx_hal.o
 .debug_aranges
                0x00000000000002d8      0x120 ./Drivers/STM32H7xx_HAL_Driver/Src/stm32h7xx_hal_cortex.o
 .debug_aranges
                0x00000000000003f8       0x58 ./Drivers/STM32H7xx_HAL_Driver/Src/stm32h7xx_hal_gpio.o
 .debug_aranges
                0x0000000000000450      0x158 ./Drivers/STM32H7xx_HAL_Driver/Src/stm32h7xx_hal_pwr_ex.o
 .debug_aranges
                0x00000000000005a8       0x88 ./Drivers/STM32H7xx_HAL_Driver/Src/stm32h7xx_hal_rcc.o

.debug_ranges   0x0000000000000000      0x598
 .debug_ranges  0x0000000000000000       0x38 ./Core/Src/main.o
 .debug_ranges  0x0000000000000038       0x10 ./Core/Src/stm32h7xx_hal_msp.o
 .debug_ranges  0x0000000000000048       0x58 ./Core/Src/stm32h7xx_it.o
 .debug_ranges  0x00000000000000a0       0x18 ./Core/Src/system_stm32h7xx.o
 .debug_ranges  0x00000000000000b8       0x20 ./Core/Startup/startup_stm32h743zitx.o
 .debug_ranges  0x00000000000000d8      0x1a8 ./Drivers/STM32H7xx_HAL_Driver/Src/stm32h7xx_hal.o
 .debug_ranges  0x0000000000000280      0x110 ./Drivers/STM32H7xx_HAL_Driver/Src/stm32h7xx_hal_cortex.o
 .debug_ranges  0x0000000000000390       0x48 ./Drivers/STM32H7xx_HAL_Driver/Src/stm32h7xx_hal_gpio.o
 .debug_ranges  0x00000000000003d8      0x148 ./Drivers/STM32H7xx_HAL_Driver/Src/stm32h7xx_hal_pwr_ex.o
 .debug_ranges  0x0000000000000520       0x78 ./Drivers/STM32H7xx_HAL_Driver/Src/stm32h7xx_hal_rcc.o

.debug_macro    0x0000000000000000    0x32792
 .debug_macro   0x0000000000000000      0x249 ./Core/Src/main.o
 .debug_macro   0x0000000000000249      0xac0 ./Core/Src/main.o
 .debug_macro   0x0000000000000d09       0xbb ./Core/Src/main.o
 .debug_macro   0x0000000000000dc4       0x2e ./Core/Src/main.o
 .debug_macro   0x0000000000000df2       0x3b ./Core/Src/main.o
 .debug_macro   0x0000000000000e2d       0x22 ./Core/Src/main.o
 .debug_macro   0x0000000000000e4f       0x8e ./Core/Src/main.o
 .debug_macro   0x0000000000000edd       0x51 ./Core/Src/main.o
 .debug_macro   0x0000000000000f2e      0x103 ./Core/Src/main.o
 .debug_macro   0x0000000000001031       0x6a ./Core/Src/main.o
 .debug_macro   0x000000000000109b      0x1df ./Core/Src/main.o
 .debug_macro   0x000000000000127a       0x1c ./Core/Src/main.o
 .debug_macro   0x0000000000001296       0x22 ./Core/Src/main.o
 .debug_macro   0x00000000000012b8       0xdf ./Core/Src/main.o
 .debug_macro   0x0000000000001397     0x12cd ./Core/Src/main.o
 .debug_macro   0x0000000000002664      0x11f ./Core/Src/main.o
 .debug_macro   0x0000000000002783       0x19 ./Core/Src/main.o
 .debug_macro   0x000000000000279c    0x25403 ./Core/Src/main.o
 .debug_macro   0x0000000000027b9f       0x43 ./Core/Src/main.o
 .debug_macro   0x0000000000027be2     0x3ccc ./Core/Src/main.o
 .debug_macro   0x000000000002b8ae      0x174 ./Core/Src/main.o
 .debug_macro   0x000000000002ba22       0x52 ./Core/Src/main.o
 .debug_macro   0x000000000002ba74       0x17 ./Core/Src/main.o
 .debug_macro   0x000000000002ba8b       0x3c ./Core/Src/main.o
 .debug_macro   0x000000000002bac7       0x34 ./Core/Src/main.o
 .debug_macro   0x000000000002bafb       0x16 ./Core/Src/main.o
 .debug_macro   0x000000000002bb11       0x43 ./Core/Src/main.o
 .debug_macro   0x000000000002bb54       0x34 ./Core/Src/main.o
 .debug_macro   0x000000000002bb88       0x10 ./Core/Src/main.o
 .debug_macro   0x000000000002bb98       0x58 ./Core/Src/main.o
 .debug_macro   0x000000000002bbf0       0x71 ./Core/Src/main.o
 .debug_macro   0x000000000002bc61       0x1c ./Core/Src/main.o
 .debug_macro   0x000000000002bc7d      0x12a ./Core/Src/main.o
 .debug_macro   0x000000000002bda7      0x333 ./Core/Src/main.o
 .debug_macro   0x000000000002c0da      0x1a9 ./Core/Src/main.o
 .debug_macro   0x000000000002c283       0x54 ./Core/Src/main.o
 .debug_macro   0x000000000002c2d7     0x240e ./Core/Src/main.o
 .debug_macro   0x000000000002e6e5      0xf84 ./Core/Src/main.o
 .debug_macro   0x000000000002f669      0x138 ./Core/Src/main.o
 .debug_macro   0x000000000002f7a1      0x117 ./Core/Src/main.o
 .debug_macro   0x000000000002f8b8      0x39b ./Core/Src/main.o
 .debug_macro   0x000000000002fc53       0x27 ./Core/Src/main.o
 .debug_macro   0x000000000002fc7a      0x3e5 ./Core/Src/main.o
 .debug_macro   0x000000000003005f      0x275 ./Core/Src/main.o
 .debug_macro   0x00000000000302d4      0x3cb ./Core/Src/main.o
 .debug_macro   0x000000000003069f      0x40f ./Core/Src/main.o
 .debug_macro   0x0000000000030aae       0x51 ./Core/Src/main.o
 .debug_macro   0x0000000000030aff      0x1c5 ./Core/Src/main.o
 .debug_macro   0x0000000000030cc4      0x259 ./Core/Src/main.o
 .debug_macro   0x0000000000030f1d       0x35 ./Core/Src/main.o
 .debug_macro   0x0000000000030f52      0x58b ./Core/Src/main.o
 .debug_macro   0x00000000000314dd      0x243 ./Core/Src/stm32h7xx_hal_msp.o
 .debug_macro   0x0000000000031720      0x253 ./Core/Src/stm32h7xx_it.o
 .debug_macro   0x0000000000031973      0x23f ./Core/Src/system_stm32h7xx.o
 .debug_macro   0x0000000000031bb2      0x263 ./Drivers/STM32H7xx_HAL_Driver/Src/stm32h7xx_hal.o
 .debug_macro   0x0000000000031e15      0x239 ./Drivers/STM32H7xx_HAL_Driver/Src/stm32h7xx_hal_cortex.o
 .debug_macro   0x000000000003204e      0x275 ./Drivers/STM32H7xx_HAL_Driver/Src/stm32h7xx_hal_gpio.o
 .debug_macro   0x00000000000322c3      0x272 ./Drivers/STM32H7xx_HAL_Driver/Src/stm32h7xx_hal_pwr_ex.o
 .debug_macro   0x0000000000032535      0x25d ./Drivers/STM32H7xx_HAL_Driver/Src/stm32h7xx_hal_rcc.o

.debug_line     0x0000000000000000     0x681e
 .debug_line    0x0000000000000000      0x8a6 ./Core/Src/main.o
 .debug_line    0x00000000000008a6      0x763 ./Core/Src/stm32h7xx_hal_msp.o
 .debug_line    0x0000000000001009      0x836 ./Core/Src/stm32h7xx_it.o
 .debug_line    0x000000000000183f      0x8ee ./Core/Src/system_stm32h7xx.o
 .debug_line    0x000000000000212d       0x85 ./Core/Startup/startup_stm32h743zitx.o
 .debug_line    0x00000000000021b2      0xd77 ./Drivers/STM32H7xx_HAL_Driver/Src/stm32h7xx_hal.o
 .debug_line    0x0000000000002f29      0xd11 ./Drivers/STM32H7xx_HAL_Driver/Src/stm32h7xx_hal_cortex.o
 .debug_line    0x0000000000003c3a      0xbe2 ./Drivers/STM32H7xx_HAL_Driver/Src/stm32h7xx_hal_gpio.o
 .debug_line    0x000000000000481c      0xe02 ./Drivers/STM32H7xx_HAL_Driver/Src/stm32h7xx_hal_pwr_ex.o
 .debug_line    0x000000000000561e     0x1200 ./Drivers/STM32H7xx_HAL_Driver/Src/stm32h7xx_hal_rcc.o

.debug_str      0x0000000000000000   0x13fa36
 .debug_str     0x0000000000000000   0x13df9a ./Core/Src/main.o
                                     0x13e415 (size before relaxing)
 .debug_str     0x000000000013df9a       0x2c ./Core/Src/stm32h7xx_hal_msp.o
                                     0x13d815 (size before relaxing)
 .debug_str     0x000000000013dfc6       0xee ./Core/Src/stm32h7xx_it.o
                                     0x13d6c1 (size before relaxing)
 .debug_str     0x000000000013e0b4      0x1e7 ./Core/Src/system_stm32h7xx.o
                                     0x13d9cf (size before relaxing)
 .debug_str     0x000000000013e29b       0x36 ./Core/Startup/startup_stm32h743zitx.o
                                         0x57 (size before relaxing)
 .debug_str     0x000000000013e2d1      0x7d8 ./Drivers/STM32H7xx_HAL_Driver/Src/stm32h7xx_hal.o
                                     0x13e99d (size before relaxing)
 .debug_str     0x000000000013eaa9      0x3b9 ./Drivers/STM32H7xx_HAL_Driver/Src/stm32h7xx_hal_cortex.o
                                     0x13e43c (size before relaxing)
 .debug_str     0x000000000013ee62      0x200 ./Drivers/STM32H7xx_HAL_Driver/Src/stm32h7xx_hal_gpio.o
                                     0x13dbd4 (size before relaxing)
 .debug_str     0x000000000013f062      0x638 ./Drivers/STM32H7xx_HAL_Driver/Src/stm32h7xx_hal_pwr_ex.o
                                     0x13df88 (size before relaxing)
 .debug_str     0x000000000013f69a      0x39c ./Drivers/STM32H7xx_HAL_Driver/Src/stm32h7xx_hal_rcc.o
                                     0x13de4f (size before relaxing)

.comment        0x0000000000000000       0x53
 .comment       0x0000000000000000       0x53 ./Core/Src/main.o
                                         0x54 (size before relaxing)
 .comment       0x0000000000000053       0x54 ./Core/Src/stm32h7xx_hal_msp.o
 .comment       0x0000000000000053       0x54 ./Core/Src/stm32h7xx_it.o
 .comment       0x0000000000000053       0x54 ./Core/Src/system_stm32h7xx.o
 .comment       0x0000000000000053       0x54 ./Drivers/STM32H7xx_HAL_Driver/Src/stm32h7xx_hal.o
 .comment       0x0000000000000053       0x54 ./Drivers/STM32H7xx_HAL_Driver/Src/stm32h7xx_hal_cortex.o
 .comment       0x0000000000000053       0x54 ./Drivers/STM32H7xx_HAL_Driver/Src/stm32h7xx_hal_gpio.o
 .comment       0x0000000000000053       0x54 ./Drivers/STM32H7xx_HAL_Driver/Src/stm32h7xx_hal_pwr_ex.o
 .comment       0x0000000000000053       0x54 ./Drivers/STM32H7xx_HAL_Driver/Src/stm32h7xx_hal_rcc.o

.debug_frame    0x0000000000000000     0x1744
 .debug_frame   0x0000000000000000       0xe4 ./Core/Src/main.o
 .debug_frame   0x00000000000000e4       0x38 ./Core/Src/stm32h7xx_hal_msp.o
 .debug_frame   0x000000000000011c      0x128 ./Core/Src/stm32h7xx_it.o
 .debug_frame   0x0000000000000244       0x58 ./Core/Src/system_stm32h7xx.o
 .debug_frame   0x000000000000029c      0x708 ./Drivers/STM32H7xx_HAL_Driver/Src/stm32h7xx_hal.o
 .debug_frame   0x00000000000009a4      0x4b8 ./Drivers/STM32H7xx_HAL_Driver/Src/stm32h7xx_hal_cortex.o
 .debug_frame   0x0000000000000e5c      0x14c ./Drivers/STM32H7xx_HAL_Driver/Src/stm32h7xx_hal_gpio.o
 .debug_frame   0x0000000000000fa8      0x580 ./Drivers/STM32H7xx_HAL_Driver/Src/stm32h7xx_hal_pwr_ex.o
 .debug_frame   0x0000000000001528      0x1f0 ./Drivers/STM32H7xx_HAL_Driver/Src/stm32h7xx_hal_rcc.o
 .debug_frame   0x0000000000001718       0x2c c:/st/stm32cubeide_1.7.0/stm32cubeide/plugins/com.st.stm32cube.ide.mcu.externaltools.gnu-tools-for-stm32.9-2020-q2-update.win32_2.0.0.202105311346/tools/bin/../lib/gcc/arm-none-eabi/9.3.1/../../../../arm-none-eabi/lib/thumb/v7e-m+dp/hard\libc_nano.a(lib_a-init.o)
